Microchip MPLAB XC8 Compiler V1.34 ()

Linker command line:

-W9 --edf=C:\Program Files (x86)\Microchip\xc8\v1.34\dat\en_msgs.txt -cs \
  -h+dist/default/debug\TorqueGriper.X.debug.sym \
  --cmf=dist/default/debug\TorqueGriper.X.debug.cmf -z -Q18F13K22 \
  -oC:\Users\Manuel\AppData\Local\Temp\s6ug.6 \
  -Mdist/default/debug/TorqueGriper.X.debug.map -E1 -ver=XC8 \
  -ASTACK=0A4h-0ffh -pstack=STACK -ACODE=00h-01DFFh -ACONST=00h-01DFFh \
  -ASMALLCONST=0100h-01FFhx29 -AMEDIUMCONST=0100h-01DFFh -ACOMRAM=01h-05Fh \
  -AABS1=00h-0FFh -ABIGRAM=01h-0FFh -ARAM=060h-0FFh -ABANK0=060h-0FFh \
  -ASFR=0F60h-0FFCh -preset_vec=00h,intcode,intcodelo,powerup,init,end_init \
  -pramtop=0100h -psmallconst=SMALLCONST -pmediumconst=MEDIUMCONST \
  -pconst=CONST -AFARRAM=00h-00h -ACONFIG=0300000h-030000Dh -pconfig=CONFIG \
  -AIDLOC=0200000h-0200007h -pidloc=IDLOC -AEEDATA=0F00000h-0F000FFh \
  -peeprom_data=EEDATA \
  -prdata=COMRAM,nvrram=COMRAM,nvbit=COMRAM,rbss=COMRAM,rbit=COMRAM \
  -pfarbss=FARRAM,fardata=FARRAM,nvFARRAM=FARRAM \
  -pintsave_regs=BIGRAM,bigbss=BIGRAM,bigdata=BIGRAM -pbss=RAM \
  -pidata=CODE,irdata=CODE,ibigdata=CODE,ifardata=CODE -prparam=COMRAM \
  C:\Users\Manuel\AppData\Local\Temp\s6ug.obj \
  dist/default/debug\TorqueGriper.X.debug.obj 

Object code version is 3.11

Machine type is 18F13K22

Call graph: (short form)




                Name                               Link     Load   Length Selector   Space Scale
C:\Users\Manuel\AppData\Local\Temp\s6ug.obj
                end_init                              2        2        4        0       0
                reset_vec                             0        0        2        0       0
                idloc                            200000   200000        8   200000       0
                config                           300000   300000        E   300000       0
dist/default/debug\TorqueGriper.X.debug.obj
                text19                             1B02     1B02       7A      D81       0
                text18                             17F2     17F2        E      BF9       0
                text17                             197A     197A       44      CBD       0
                text16                             19BE     19BE       46      CDF       0
                text15                             1854     1854       1C      C2A       0
                text14                             193C     193C       3E      C9E       0
                text13                             188E     188E       38      C47       0
                text12                             1A9C     1A9C       66      D4E       0
                text11                             1826     1826       16      C13       0
                text10                             1900     1900       3C      C80       0
                text9                              1812     1812       14      C09       0
                text8                              1870     1870       1E      C38       0
                text7                              1B7C     1B7C       9A      DBE       0
                text6                              1800     1800       12      C00       0
                text5                              1A4A     1A4A       52      D25       0
                text4                              1A04     1A04       46      D02       0
                text3                              1CB2     1CB2      14E      E59       0
                text2                              17EA     17EA        8      BF5       0
                text1                              18C6     18C6       3A      C63       0
                cstackCOMRAM                          1        1       57        1       1
                bssBANK0                             60       60       44       60       1
                bssCOMRAM                            58       58        1        1       1
                cinit                              183C     183C       18      C1E       0
                text0                              1C16     1C16       9C      E0B       0

TOTAL           Name                               Link     Load   Length     Space
        CLASS   STACK          

        CLASS   CODE           
                end_init                              2        2        4         0
                reset_vec                             0        0        2         0
                text19                             1B02     1B02       7A         0
                text18                             17F2     17F2        E         0
                text17                             197A     197A       44         0
                text16                             19BE     19BE       46         0
                text15                             1854     1854       1C         0
                text14                             193C     193C       3E         0
                text13                             188E     188E       38         0
                text12                             1A9C     1A9C       66         0
                text11                             1826     1826       16         0
                text10                             1900     1900       3C         0
                text9                              1812     1812       14         0
                text8                              1870     1870       1E         0
                text7                              1B7C     1B7C       9A         0
                text6                              1800     1800       12         0
                text5                              1A4A     1A4A       52         0
                text4                              1A04     1A04       46         0
                text3                              1CB2     1CB2      14E         0
                text2                              17EA     17EA        8         0
                text1                              18C6     18C6       3A         0
                cinit                              183C     183C       18         0
                text0                              1C16     1C16       9C         0

        CLASS   CONST          

        CLASS   SMALLCONST     

        CLASS   MEDIUMCONST    

        CLASS   COMRAM         
                cstackCOMRAM                          1        1       57         1
                bssCOMRAM                            58       58        1         1

        CLASS   ABS1           

        CLASS   BIGRAM         

        CLASS   RAM            

        CLASS   BANK0          
                bssBANK0                             60       60       44         1

        CLASS   SFR            

        CLASS   FARRAM         

        CLASS   CONFIG         
                config                           300000   300000        E         0

        CLASS   IDLOC          
                idloc                            200000   200000        8         0

        CLASS   EEDATA         



SEGMENTS        Name                           Load    Length   Top    Selector   Space  Class

                reset_vec                      000000  000006  000006         0       0  CODE    
                cstackCOMRAM                   000001  000058  000059         1       1  COMRAM  
                bssBANK0                       000060  000044  0000A4        60       1  BANK0   
                text2                          0017EA  000008  0017F2       BF5       0  CODE    
                text18                         0017F2  00000E  001800       BF9       0  CODE    
                text6                          001800  000012  001812       C00       0  CODE    
                text9                          001812  000014  001826       C09       0  CODE    
                text11                         001826  000016  00183C       C13       0  CODE    
                cinit                          00183C  000018  001854       C1E       0  CODE    
                text15                         001854  00001C  001870       C2A       0  CODE    
                text8                          001870  00001E  00188E       C38       0  CODE    
                text13                         00188E  000038  0018C6       C47       0  CODE    
                text1                          0018C6  00003A  001900       C63       0  CODE    
                text10                         001900  00003C  00193C       C80       0  CODE    
                text14                         00193C  00003E  00197A       C9E       0  CODE    
                text17                         00197A  000044  0019BE       CBD       0  CODE    
                text16                         0019BE  000046  001A04       CDF       0  CODE    
                text4                          001A04  000046  001A4A       D02       0  CODE    
                text5                          001A4A  000052  001A9C       D25       0  CODE    
                text12                         001A9C  000066  001B02       D4E       0  CODE    
                text19                         001B02  00007A  001B7C       D81       0  CODE    
                text7                          001B7C  00009A  001C16       DBE       0  CODE    
                text0                          001C16  00009C  001CB2       E0B       0  CODE    
                text3                          001CB2  00014E  001E00       E59       0  CODE    
                idloc                          200000  000008  200008    200000       0  IDLOC   
                config                         300000  00000E  30000E    300000       0  CONFIG  


UNUSED ADDRESS RANGES

        Name                Unused          Largest block    Delta
        BANK0            0000A4-0000FF               5C
        BIGRAM           000059-00005F                7
                         0000A4-0000FF               5C
        CODE             000006-0017E9             17E4
        COMRAM           000059-00005F                7
        CONST            000006-0017E9             17E4
        EEDATA           F00000-F000FF              100
        MEDIUMCONST      000100-0017E9             16EA
        RAM              0000A4-0000FF               5C
        SFR              000F60-000FFC               9D
        SMALLCONST       000100-0017E9              100
        STACK            0000A4-0000FF               5C

                                  Symbol Table

?_buffer_peek                      cstackCOMRAM 000001
?_buffer_pop                       cstackCOMRAM 000001
?_spi_slave_get_byte               cstackCOMRAM 000001
_ANSELHbits                        (abs)        000F7F
_ANSELbits                         (abs)        000F7E
_BAUDCON                           (abs)        000FB8
_INT2IF                            (abs)        007F81
_INTCON                            (abs)        000FF2
_INTCON2bits                       (abs)        000FF1
_INTCON3bits                       (abs)        000FF0
_INTCONbits                        (abs)        000FF2
_LATAbits                          (abs)        000F89
_LATCbits                          (abs)        000F8B
_PIE2bits                          (abs)        000FA0
_PIR2bits                          (abs)        000FA1
_RCIE                              (abs)        007CED
_RCIF                              (abs)        007CF5
_RCREG                             (abs)        000FAE
_RCSTA                             (abs)        000FAB
_RCSTAbits                         (abs)        000FAB
_SPBRG                             (abs)        000FAF
_SPBRGH                            (abs)        000FB0
_SSPBUF                            (abs)        000FC9
_SSPCON1                           (abs)        000FC6
_SSPCON1bits                       (abs)        000FC6
_SSPSTAT                           (abs)        000FC7
_SSPSTATbits                       (abs)        000FC7
_T0CON                             (abs)        000FD5
_T3CON                             (abs)        000FB1
_TMR0                              (abs)        000FD6
_TMR3                              (abs)        000FB2
_TRISAbits                         (abs)        000F92
_TRISBbits                         (abs)        000F93
_TRISCbits                         (abs)        000F94
_TXIE                              (abs)        007CEC
_TXIF                              (abs)        007CF4
_TXREG                             (abs)        000FAD
_TXSTA                             (abs)        000FAC
__CFG_FOSC$HS                      (abs)        000000
__CFG_LVP$OFF                      (abs)        000000
__HRAM                             (abs)        000000
__Habs1                            abs1         000000
__Hbank0                           bank0        000000
__Hbigbss                          bigbss       000000
__Hbigdata                         bigdata      000000
__Hbigram                          bigram       000000
__Hbss                             bss          000000
__HbssBANK0                        bssBANK0     000000
__HbssCOMRAM                       bssCOMRAM    000000
__Hcinit                           cinit        000000
__Hclrtext                         clrtext      000000
__Hcomram                          comram       000000
__Hconfig                          config       30000E
__Hconst                           const        000000
__HcstackCOMRAM                    cstackCOMRAM 000000
__Hdata                            data         000000
__Heeprom_data                     eeprom_data  000000
__Hend_init                        end_init     000006
__Hfarbss                          farbss       000000
__Hfardata                         fardata      000000
__Hibigdata                        ibigdata     000000
__Hidata                           idata        000000
__Hidloc                           idloc        200008
__Hifardata                        ifardata     000000
__Hinit                            init         000002
__Hintcode                         intcode      000002
__Hintcode_body                    intcode_body 000000
__Hintcodelo                       intcodelo    000002
__Hintentry                        intentry     000000
__Hintret                          intret       000000
__Hintsave_regs                    intsave_regs 000000
__Hirdata                          irdata       000000
__Hmediumconst                     mediumconst  000000
__HnvFARRAM                        nvFARRAM     000000
__Hnvbit                           nvbit        000000
__Hnvrram                          nvrram       000000
__Hparam                           rparam       000000
__Hpowerup                         powerup      000002
__Hram                             ram          000000
__Hramtop                          ramtop       000100
__Hrbit                            rbit         000000
__Hrbss                            rbss         000000
__Hrdata                           rdata        000000
__Hreset_vec                       reset_vec    000002
__Hrparam                          rparam       000000
__Hsfr                             sfr          000000
__Hsmallconst                      smallconst   000000
__Hspace_0                         (abs)        30000E
__Hspace_1                         (abs)        0000A4
__Hspace_2                         (abs)        000000
__Hstack                           stack        000000
__Hstruct                          struct       000000
__Htemp                            temp         000000
__Htext                            text         000000
__Htext0                           text0        000000
__Htext1                           text1        000000
__Htext10                          text10       000000
__Htext11                          text11       000000
__Htext12                          text12       000000
__Htext13                          text13       000000
__Htext14                          text14       000000
__Htext15                          text15       000000
__Htext16                          text16       000000
__Htext17                          text17       000000
__Htext18                          text18       000000
__Htext19                          text19       000000
__Htext2                           text2        000000
__Htext3                           text3        000000
__Htext4                           text4        000000
__Htext5                           text5        000000
__Htext6                           text6        000000
__Htext7                           text7        000000
__Htext8                           text8        000000
__Htext9                           text9        000000
__LRAM                             (abs)        000001
__Labs1                            abs1         000000
__Lbank0                           bank0        000000
__Lbigbss                          bigbss       000000
__Lbigdata                         bigdata      000000
__Lbigram                          bigram       000000
__Lbss                             bss          000000
__LbssBANK0                        bssBANK0     000000
__LbssCOMRAM                       bssCOMRAM    000000
__Lcinit                           cinit        000000
__Lclrtext                         clrtext      000000
__Lcomram                          comram       000000
__Lconfig                          config       300000
__Lconst                           const        000000
__LcstackCOMRAM                    cstackCOMRAM 000000
__Ldata                            data         000000
__Leeprom_data                     eeprom_data  000000
__Lend_init                        end_init     000002
__Lfarbss                          farbss       000000
__Lfardata                         fardata      000000
__Libigdata                        ibigdata     000000
__Lidata                           idata        000000
__Lidloc                           idloc        200000
__Lifardata                        ifardata     000000
__Linit                            init         000002
__Lintcode                         intcode      000002
__Lintcode_body                    intcode_body 000000
__Lintcodelo                       intcodelo    000002
__Lintentry                        intentry     000000
__Lintret                          intret       000000
__Lintsave_regs                    intsave_regs 000000
__Lirdata                          irdata       000000
__Lmediumconst                     mediumconst  000000
__LnvFARRAM                        nvFARRAM     000000
__Lnvbit                           nvbit        000000
__Lnvrram                          nvrram       000000
__Lparam                           rparam       000000
__Lpowerup                         powerup      000002
__Lram                             ram          000000
__Lramtop                          ramtop       000100
__Lrbit                            rbit         000000
__Lrbss                            rbss         000000
__Lrdata                           rdata        000000
__Lreset_vec                       reset_vec    000000
__Lrparam                          rparam       000000
__Lsfr                             sfr          000000
__Lsmallconst                      smallconst   000000
__Lspace_0                         (abs)        000000
__Lspace_1                         (abs)        000000
__Lspace_2                         (abs)        000000
__Lstack                           stack        000000
__Lstruct                          struct       000000
__Ltemp                            temp         000000
__Ltext                            text         000000
__Ltext0                           text0        000000
__Ltext1                           text1        000000
__Ltext10                          text10       000000
__Ltext11                          text11       000000
__Ltext12                          text12       000000
__Ltext13                          text13       000000
__Ltext14                          text14       000000
__Ltext15                          text15       000000
__Ltext16                          text16       000000
__Ltext17                          text17       000000
__Ltext18                          text18       000000
__Ltext19                          text19       000000
__Ltext2                           text2        000000
__Ltext3                           text3        000000
__Ltext4                           text4        000000
__Ltext5                           text5        000000
__Ltext6                           text6        000000
__Ltext7                           text7        000000
__Ltext8                           text8        000000
__Ltext9                           text9        000000
__S0                               (abs)        30000E
__S1                               (abs)        0000A4
__S2                               (abs)        000000
___inthi_sp                        stack        000000
___intlo_sp                        stack        000000
___param_bank                      (abs)        000010
___rparam_used                     (abs)        000001
___sp                              stack        000000
__accesstop                        (abs)        000060
__activetblptr                     (abs)        000002
__end_of__initialization           cinit        00184A
__end_of_buffer_count              text6        001812
__end_of_buffer_peek               text5        001A9C
__end_of_buffer_pop                text19       001B7C
__end_of_buffer_push               text12       001B02
__end_of_buffer_space              text11       00183C
__end_of_decode_data               text10       00193C
__end_of_encode_data               text4        001A4A
__end_of_eserial_send_data         text17       0019BE
__end_of_eserial_setup             text15       001870
__end_of_espi_setup                text13       0018C6
__end_of_espi_slave_receive        text7        001C16
__end_of_espi_slave_send           text3        001E00
__end_of_main                      text0        001CB2
__end_of_serial_send_byte          text18       001800
__end_of_setup_simple_serial       text16       001A04
__end_of_setup_spi                 text14       00197A
__end_of_setup_timer3              text2        0017F2
__end_of_spi_send_get_byte         text9        001826
__end_of_spi_slave_get_byte        text8        00188E
__end_of_spi_slave_peek_receive    text1        001900
__initialization                   cinit        00183C
__mediumconst                      mediumconst  000000
__pbssBANK0                        bssBANK0     000060
__pbssCOMRAM                       bssCOMRAM    000058
__pcinit                           cinit        00183C
__pcstackCOMRAM                    cstackCOMRAM 000001
__ptext0                           text0        001C16
__ptext1                           text1        0018C6
__ptext10                          text10       001900
__ptext11                          text11       001826
__ptext12                          text12       001A9C
__ptext13                          text13       00188E
__ptext14                          text14       00193C
__ptext15                          text15       001854
__ptext16                          text16       0019BE
__ptext17                          text17       00197A
__ptext18                          text18       0017F2
__ptext19                          text19       001B02
__ptext2                           text2        0017EA
__ptext3                           text3        001CB2
__ptext4                           text4        001A04
__ptext5                           text5        001A4A
__ptext6                           text6        001800
__ptext7                           text7        001B7C
__ptext8                           text8        001870
__ptext9                           text9        001812
__ramtop                           ramtop       000100
__size_of_buffer_count             (abs)        000000
__size_of_buffer_peek              (abs)        000000
__size_of_buffer_pop               (abs)        000000
__size_of_buffer_push              (abs)        000000
__size_of_buffer_space             (abs)        000000
__size_of_decode_data              (abs)        000000
__size_of_encode_data              (abs)        000000
__size_of_eserial_send_data        (abs)        000000
__size_of_eserial_setup            (abs)        000000
__size_of_espi_setup               (abs)        000000
__size_of_espi_slave_receive       (abs)        000000
__size_of_espi_slave_send          (abs)        000000
__size_of_main                     (abs)        000000
__size_of_serial_send_byte         (abs)        000000
__size_of_setup_simple_serial      (abs)        000000
__size_of_setup_spi                (abs)        000000
__size_of_setup_timer3             (abs)        000000
__size_of_spi_send_get_byte        (abs)        000000
__size_of_spi_slave_get_byte       (abs)        000000
__size_of_spi_slave_peek_receive   (abs)        000000
__smallconst                       smallconst   000000
_buffer_count                      text6        001800
_buffer_peek                       text5        001A4A
_buffer_pop                        text19       001B02
_buffer_push                       text12       001A9C
_buffer_space                      text11       001826
_decode_data                       text10       001900
_dummy_byte                        bssCOMRAM    000058
_encode_data                       text4        001A04
_eserial_send_data                 text17       00197A
_eserial_setup                     text15       001854
_espi_setup                        text13       00188E
_espi_slave_receive                text7        001B7C
_espi_slave_send                   text3        001CB2
_main                              text0        001C16
_serial_send_byte                  text18       0017F2
_setup_simple_serial               text16       0019BE
_setup_simple_serial$200           cstackCOMRAM 000003
_setup_simple_serial$201           cstackCOMRAM 000005
_setup_spi                         text14       00193C
_setup_timer3                      text2        0017EA
_spi_send_get_byte                 text9        001812
_spi_slave_get_byte                text8        001870
_spi_slave_peek_receive            text1        0018C6
buffer_count@buffer                cstackCOMRAM 000001
buffer_peek@buffer                 cstackCOMRAM 000001
buffer_peek@byte                   cstackCOMRAM 000005
buffer_pop@buffer                  cstackCOMRAM 000001
buffer_pop@byte                    cstackCOMRAM 000005
buffer_push@buffer                 cstackCOMRAM 000001
buffer_push@byte                   cstackCOMRAM 000003
buffer_push@current_position       cstackCOMRAM 000005
buffer_space@buffer                cstackCOMRAM 000001
decode_data@byte_1                 cstackCOMRAM 000003
decode_data@byte_2                 cstackCOMRAM 000004
decode_data@data                   cstackCOMRAM 000001
encode_data@byte_1                 cstackCOMRAM 000001
encode_data@byte_2                 cstackCOMRAM 000003
encode_data@data                   cstackCOMRAM 000006
end_of_initialization              cinit        00184A
eserial_send_data@buffer           cstackCOMRAM 000007
eserial_send_data@i                cstackCOMRAM 000009
eserial_send_data@value            cstackCOMRAM 00000A
eserial_setup@baudrate_bits        cstackCOMRAM 00000A
eserial_setup@baudrate_value       cstackCOMRAM 000008
espi_setup@mode                    cstackCOMRAM 000003
espi_slave_receive@buffer          cstackCOMRAM 000006
espi_slave_receive@received_1      cstackCOMRAM 000009
espi_slave_receive@received_2      cstackCOMRAM 00000A
espi_slave_receive@value           cstackCOMRAM 000008
espi_slave_send@buffer             cstackCOMRAM 000007
espi_slave_send@byte_1             cstackCOMRAM 00000C
espi_slave_send@byte_2             cstackCOMRAM 00000D
espi_slave_send@byte_to_send       cstackCOMRAM 00000A
espi_slave_send@received_1         cstackCOMRAM 00000E
espi_slave_send@received_2         cstackCOMRAM 000010
intlevel0                          text         000000
intlevel1                          text         000000
intlevel2                          text         000000
intlevel3                          text         000000
main@F4057                         bssBANK0     000060
main@F4059                         bssBANK0     000082
main@pic_to_pc                     cstackCOMRAM 000036
main@pic_to_pic                    cstackCOMRAM 000012
main@value_87                      cstackCOMRAM 000034
serial_send_byte@byte              cstackCOMRAM 000001
setup_simple_serial@baudrate_bits  cstackCOMRAM 000007
setup_simple_serial@baudrate_value cstackCOMRAM 000001
setup_spi@SSPCON1_reg              cstackCOMRAM 000001
setup_spi@SSPSTAT_reg              cstackCOMRAM 000002
setup_timer3@T3CON_reg             cstackCOMRAM 000001
spi_send_get_byte@byte             cstackCOMRAM 000001
spi_slave_get_byte@byte            cstackCOMRAM 000003
spi_slave_peek_receive@byte        cstackCOMRAM 000004
spi_slave_peek_receive@get_byte    cstackCOMRAM 000006
stackhi                            (abs)        0000FF
stacklo                            (abs)        0000A4
start                              init         000002
start_initialization               cinit        00183C


FUNCTION INFORMATION:

 *************** function _main *****************
 Defined at:
		line 27 in file "main.c"
 Parameters:    Size  Location     Type
		None
 Auto vars:     Size  Location     Type
  value           2   51[COMRAM] int 
  pic_to_pc      34   53[COMRAM] struct circular_buffer
  pic_to_pic     34   17[COMRAM] struct circular_buffer
  value           1    0        unsigned char 
 Return value:  Size  Location     Type
                  2   21[None  ] int 
 Registers used:
		wreg, fsr1l, fsr1h, fsr2l, fsr2h, status,2, status,0, prodl, prodh, cstack
 Tracked objects:
		On entry : 
		On exit  : 
		Unchanged: 
 Data sizes:     COMRAM   BANK0
      Params:         0       0
      Locals:        70       0
      Temps:          0       0
      Totals:        70       0
Total ram usage:       70 bytes
 Hardware stack levels required when called:    2
 This function calls:
		_eserial_send_data
		_eserial_setup
		_espi_setup
		_espi_slave_receive
		_espi_slave_send
		_serial_send_byte
		_setup_timer3
		_spi_slave_peek_receive
 This function is called by:
		Startup code after reset
 This function uses a non-reentrant model


 *************** function _spi_slave_peek_receive *****************
 Defined at:
		line 42 in file "C:/Users/Manuel/Documents/PICLibrary/PICLibraries.X/spi_pic.c"
 Parameters:    Size  Location     Type
  get_byte        1    wreg     unsigned char 
  byte            2    3[COMRAM] PTR int 
		 -> main@value_87(2), NULL(0), 
 Auto vars:     Size  Location     Type
  get_byte        1    5[COMRAM] unsigned char 
 Return value:  Size  Location     Type
                  1    wreg      unsigned char 
 Registers used:
		wreg, fsr2l, fsr2h, status,2, cstack
 Tracked objects:
		On entry : 
		On exit  : 
		Unchanged: 
 Data sizes:     COMRAM   BANK0
      Params:         2       0
      Locals:         1       0
      Temps:          0       0
      Totals:         3       0
Total ram usage:        3 bytes
 Hardware stack levels used:    1
 Hardware stack levels required when called:    1
 This function calls:
		_spi_slave_get_byte
 This function is called by:
		_main
		_return_false
 This function uses a non-reentrant model


 *************** function _setup_timer3 *****************
 Defined at:
		line 29 in file "C:/Users/Manuel/Documents/PICLibrary/PICLibraries.X/timers_pic.c"
 Parameters:    Size  Location     Type
  T3CON_reg       1    wreg     unsigned char 
 Auto vars:     Size  Location     Type
  T3CON_reg       1    0[COMRAM] unsigned char 
 Return value:  Size  Location     Type
		None               void
 Registers used:
		wreg
 Tracked objects:
		On entry : 
		On exit  : 
		Unchanged: 
 Data sizes:     COMRAM   BANK0
      Params:         0       0
      Locals:         1       0
      Temps:          0       0
      Totals:         1       0
Total ram usage:        1 bytes
 Hardware stack levels used:    1
 This function calls:
		Nothing
 This function is called by:
		_main
 This function uses a non-reentrant model


 *************** function _espi_slave_send *****************
 Defined at:
		line 76 in file "extended_spi.c"
 Parameters:    Size  Location     Type
  buffer          2    6[COMRAM] PTR struct circular_buff
		 -> main@pic_to_pic(34), 
 Auto vars:     Size  Location     Type
  received_2      2   15[COMRAM] int 
  received_1      2   13[COMRAM] int 
  byte_to_send    2    9[COMRAM] unsigned int 
  byte_2          1   12[COMRAM] unsigned char 
  byte_1          1   11[COMRAM] unsigned char 
 Return value:  Size  Location     Type
		None               void
 Registers used:
		wreg, fsr2l, fsr2h, status,2, status,0, prodl, prodh, cstack
 Tracked objects:
		On entry : 
		On exit  : 
		Unchanged: 
 Data sizes:     COMRAM   BANK0
      Params:         2       0
      Locals:         8       0
      Temps:          1       0
      Totals:        11       0
Total ram usage:       11 bytes
 Hardware stack levels used:    1
 Hardware stack levels required when called:    1
 This function calls:
		_buffer_count
		_buffer_peek
		_buffer_pop
		_encode_data
		_spi_send_get_byte
 This function is called by:
		_main
 This function uses a non-reentrant model


 *************** function _encode_data *****************
 Defined at:
		line 3 in file "C:/Users/Manuel/Documents/PICLibrary/PICLibraries.X/encoding.c"
 Parameters:    Size  Location     Type
  data            1    wreg     unsigned char 
  byte_1          2    0[COMRAM] PTR unsigned char 
		 -> espi_master_send@byte_1(1), espi_slave_send@byte_1(1), 
  byte_2          2    2[COMRAM] PTR unsigned char 
		 -> espi_master_send@byte_2(1), espi_slave_send@byte_2(1), 
 Auto vars:     Size  Location     Type
  data            1    5[COMRAM] unsigned char 
 Return value:  Size  Location     Type
		None               void
 Registers used:
		wreg, fsr2l, fsr2h, status,2, status,0
 Tracked objects:
		On entry : 
		On exit  : 
		Unchanged: 
 Data sizes:     COMRAM   BANK0
      Params:         4       0
      Locals:         1       0
      Temps:          1       0
      Totals:         6       0
Total ram usage:        6 bytes
 Hardware stack levels used:    1
 This function calls:
		Nothing
 This function is called by:
		_espi_slave_send
		_espi_master_send
 This function uses a non-reentrant model


 *************** function _buffer_peek *****************
 Defined at:
		line 55 in file "C:/Users/Manuel/Documents/PICLibrary/PICLibraries.X/circular_buffer.c"
 Parameters:    Size  Location     Type
  buffer          2    0[COMRAM] PTR const struct circula
		 -> main@pic_to_pic(34), 
 Auto vars:     Size  Location     Type
  byte            2    4[COMRAM] int 
 Return value:  Size  Location     Type
                  2    0[COMRAM] int 
 Registers used:
		wreg, fsr2l, fsr2h, status,2, status,0, prodl, prodh
 Tracked objects:
		On entry : 
		On exit  : 
		Unchanged: 
 Data sizes:     COMRAM   BANK0
      Params:         2       0
      Locals:         2       0
      Temps:          2       0
      Totals:         6       0
Total ram usage:        6 bytes
 Hardware stack levels used:    1
 This function calls:
		Nothing
 This function is called by:
		_espi_slave_send
		_espi_master_send
 This function uses a non-reentrant model


 *************** function _buffer_count *****************
 Defined at:
		line 4 in file "C:/Users/Manuel/Documents/PICLibrary/PICLibraries.X/circular_buffer.c"
 Parameters:    Size  Location     Type
  buffer          2    0[COMRAM] PTR const struct circula
		 -> main@pic_to_pic(34), 
 Auto vars:     Size  Location     Type
		None
 Return value:  Size  Location     Type
                  1    wreg      unsigned char 
 Registers used:
		wreg, fsr2l, fsr2h, status,2, status,0
 Tracked objects:
		On entry : 
		On exit  : 
		Unchanged: 
 Data sizes:     COMRAM   BANK0
      Params:         2       0
      Locals:         0       0
      Temps:          0       0
      Totals:         2       0
Total ram usage:        2 bytes
 Hardware stack levels used:    1
 This function calls:
		Nothing
 This function is called by:
		_espi_slave_send
		_espi_master_send
 This function uses a non-reentrant model


 *************** function _espi_slave_receive *****************
 Defined at:
		line 49 in file "extended_spi.c"
 Parameters:    Size  Location     Type
  buffer          2    5[COMRAM] PTR struct circular_buff
		 -> main@pic_to_pc(34), 
 Auto vars:     Size  Location     Type
  received_2      1    9[COMRAM] char 
  received_1      1    8[COMRAM] char 
  value           1    7[COMRAM] unsigned char 
 Return value:  Size  Location     Type
		None               void
 Registers used:
		wreg, fsr2l, fsr2h, status,2, status,0, prodl, prodh, cstack
 Tracked objects:
		On entry : 
		On exit  : 
		Unchanged: 
 Data sizes:     COMRAM   BANK0
      Params:         2       0
      Locals:         3       0
      Temps:          0       0
      Totals:         5       0
Total ram usage:        5 bytes
 Hardware stack levels used:    1
 Hardware stack levels required when called:    1
 This function calls:
		_buffer_push
		_buffer_space
		_decode_data
		_spi_send_get_byte
		_spi_slave_get_byte
 This function is called by:
		_main
 This function uses a non-reentrant model


 *************** function _spi_slave_get_byte *****************
 Defined at:
		line 111 in file "C:/Users/Manuel/Documents/PICLibrary/PICLibraries.X/spi_pic.c"
 Parameters:    Size  Location     Type
		None
 Auto vars:     Size  Location     Type
  byte            1    2[COMRAM] unsigned char 
 Return value:  Size  Location     Type
                  2    0[COMRAM] int 
 Registers used:
		None
 Tracked objects:
		On entry : 
		On exit  : 
		Unchanged: 
 Data sizes:     COMRAM   BANK0
      Params:         2       0
      Locals:         1       0
      Temps:          0       0
      Totals:         3       0
Total ram usage:        3 bytes
 Hardware stack levels used:    1
 This function calls:
		Nothing
 This function is called by:
		_spi_slave_peek_receive
		_espi_slave_receive
		_spi_slave_get_data
 This function uses a non-reentrant model


 *************** function _spi_send_get_byte *****************
 Defined at:
		line 33 in file "C:/Users/Manuel/Documents/PICLibrary/PICLibraries.X/spi_pic.c"
 Parameters:    Size  Location     Type
  byte            1    wreg     unsigned char 
 Auto vars:     Size  Location     Type
  byte            1    0[COMRAM] unsigned char 
 Return value:  Size  Location     Type
                  1    wreg      unsigned char 
 Registers used:
		wreg, status,2
 Tracked objects:
		On entry : 
		On exit  : 
		Unchanged: 
 Data sizes:     COMRAM   BANK0
      Params:         0       0
      Locals:         1       0
      Temps:          0       0
      Totals:         1       0
Total ram usage:        1 bytes
 Hardware stack levels used:    1
 This function calls:
		Nothing
 This function is called by:
		_espi_slave_receive
		_espi_slave_send
		_spi_send_data
		_spi_master_get_data
		_wait_pulse
		_espi_master_send
		_espi_master_receive
 This function uses a non-reentrant model


 *************** function _decode_data *****************
 Defined at:
		line 12 in file "C:/Users/Manuel/Documents/PICLibrary/PICLibraries.X/encoding.c"
 Parameters:    Size  Location     Type
  data            2    0[COMRAM] PTR unsigned char 
		 -> espi_master_receive@value(1), espi_slave_receive@value(1), 
  byte_1          1    2[COMRAM] unsigned char 
  byte_2          1    3[COMRAM] unsigned char 
 Auto vars:     Size  Location     Type
		None
 Return value:  Size  Location     Type
                  1    wreg      char 
 Registers used:
		wreg, fsr2l, fsr2h, status,2, status,0
 Tracked objects:
		On entry : 
		On exit  : 
		Unchanged: 
 Data sizes:     COMRAM   BANK0
      Params:         4       0
      Locals:         0       0
      Temps:          1       0
      Totals:         5       0
Total ram usage:        5 bytes
 Hardware stack levels used:    1
 This function calls:
		Nothing
 This function is called by:
		_espi_slave_receive
		_espi_master_receive
 This function uses a non-reentrant model


 *************** function _buffer_space *****************
 Defined at:
		line 9 in file "C:/Users/Manuel/Documents/PICLibrary/PICLibraries.X/circular_buffer.c"
 Parameters:    Size  Location     Type
  buffer          2    0[COMRAM] PTR const struct circula
		 -> main@pic_to_pc(34), 
 Auto vars:     Size  Location     Type
		None
 Return value:  Size  Location     Type
                  1    wreg      unsigned char 
 Registers used:
		wreg, fsr2l, fsr2h, status,2, status,0
 Tracked objects:
		On entry : 
		On exit  : 
		Unchanged: 
 Data sizes:     COMRAM   BANK0
      Params:         2       0
      Locals:         0       0
      Temps:          0       0
      Totals:         2       0
Total ram usage:        2 bytes
 Hardware stack levels used:    1
 This function calls:
		Nothing
 This function is called by:
		_espi_slave_receive
		_eserial_receive
		_espi_master_receive
 This function uses a non-reentrant model


 *************** function _buffer_push *****************
 Defined at:
		line 24 in file "C:/Users/Manuel/Documents/PICLibrary/PICLibraries.X/circular_buffer.c"
 Parameters:    Size  Location     Type
  buffer          2    0[COMRAM] PTR struct circular_buff
		 -> main@pic_to_pc(34), 
  byte            1    2[COMRAM] unsigned char 
 Auto vars:     Size  Location     Type
  current_posi    1    4[COMRAM] unsigned char 
 Return value:  Size  Location     Type
                  1    wreg      unsigned char 
 Registers used:
		wreg, fsr2l, fsr2h, status,2, status,0, prodl, prodh
 Tracked objects:
		On entry : 
		On exit  : 
		Unchanged: 
 Data sizes:     COMRAM   BANK0
      Params:         3       0
      Locals:         1       0
      Temps:          1       0
      Totals:         5       0
Total ram usage:        5 bytes
 Hardware stack levels used:    1
 This function calls:
		Nothing
 This function is called by:
		_espi_slave_receive
		_eserial_receive
		_espi_master_receive
 This function uses a non-reentrant model


 *************** function _espi_setup *****************
 Defined at:
		line 27 in file "extended_spi.c"
 Parameters:    Size  Location     Type
  mode            1    wreg     unsigned char 
 Auto vars:     Size  Location     Type
  mode            1    2[COMRAM] unsigned char 
 Return value:  Size  Location     Type
		None               void
 Registers used:
		wreg, status,2, status,0, cstack
 Tracked objects:
		On entry : 
		On exit  : 
		Unchanged: 
 Data sizes:     COMRAM   BANK0
      Params:         0       0
      Locals:         1       0
      Temps:          0       0
      Totals:         1       0
Total ram usage:        1 bytes
 Hardware stack levels used:    1
 Hardware stack levels required when called:    1
 This function calls:
		_setup_spi
 This function is called by:
		_main
 This function uses a non-reentrant model


 *************** function _setup_spi *****************
 Defined at:
		line 12 in file "C:/Users/Manuel/Documents/PICLibrary/PICLibraries.X/spi_pic.c"
 Parameters:    Size  Location     Type
  SSPSTAT_reg     1    wreg     unsigned char 
  SSPCON1_reg     1    0[COMRAM] unsigned char 
 Auto vars:     Size  Location     Type
  SSPSTAT_reg     1    1[COMRAM] unsigned char 
 Return value:  Size  Location     Type
		None               void
 Registers used:
		wreg, status,2, status,0
 Tracked objects:
		On entry : 
		On exit  : 
		Unchanged: 
 Data sizes:     COMRAM   BANK0
      Params:         1       0
      Locals:         1       0
      Temps:          0       0
      Totals:         2       0
Total ram usage:        2 bytes
 Hardware stack levels used:    1
 This function calls:
		Nothing
 This function is called by:
		_espi_setup
 This function uses a non-reentrant model


 *************** function _eserial_setup *****************
 Defined at:
		line 16 in file "extended_serial.c"
 Parameters:    Size  Location     Type
  baudrate_bit    1    wreg     unsigned char 
  baudrate_val    2    7[COMRAM] unsigned int 
 Auto vars:     Size  Location     Type
  baudrate_bit    1    9[COMRAM] unsigned char 
 Return value:  Size  Location     Type
		None               void
 Registers used:
		wreg, status,2, cstack
 Tracked objects:
		On entry : 
		On exit  : 
		Unchanged: 
 Data sizes:     COMRAM   BANK0
      Params:         2       0
      Locals:         1       0
      Temps:          0       0
      Totals:         3       0
Total ram usage:        3 bytes
 Hardware stack levels used:    1
 Hardware stack levels required when called:    1
 This function calls:
		_setup_simple_serial
 This function is called by:
		_main
 This function uses a non-reentrant model


 *************** function _setup_simple_serial *****************
 Defined at:
		line 18 in file "C:/Users/Manuel/Documents/PICLibrary/PICLibraries.X/serial_pic.c"
 Parameters:    Size  Location     Type
  baudrate_bit    1    wreg     unsigned char 
  baudrate_val    2    0[COMRAM] unsigned int 
 Auto vars:     Size  Location     Type
  baudrate_bit    1    6[COMRAM] unsigned char 
 Return value:  Size  Location     Type
		None               void
 Registers used:
		wreg, status,2
 Tracked objects:
		On entry : 
		On exit  : 
		Unchanged: 
 Data sizes:     COMRAM   BANK0
      Params:         2       0
      Locals:         5       0
      Temps:          0       0
      Totals:         7       0
Total ram usage:        7 bytes
 Hardware stack levels used:    1
 This function calls:
		Nothing
 This function is called by:
		_eserial_setup
 This function uses a non-reentrant model


 *************** function _eserial_send_data *****************
 Defined at:
		line 29 in file "extended_serial.c"
 Parameters:    Size  Location     Type
  buffer          2    6[COMRAM] PTR struct circular_buff
		 -> main@pic_to_pc(34), 
 Auto vars:     Size  Location     Type
  value           2    9[COMRAM] int 
  i               1    8[COMRAM] char 
 Return value:  Size  Location     Type
                  1    wreg      char 
 Registers used:
		wreg, fsr2l, fsr2h, status,2, status,0, prodl, prodh, cstack
 Tracked objects:
		On entry : 
		On exit  : 
		Unchanged: 
 Data sizes:     COMRAM   BANK0
      Params:         2       0
      Locals:         3       0
      Temps:          0       0
      Totals:         5       0
Total ram usage:        5 bytes
 Hardware stack levels used:    1
 Hardware stack levels required when called:    1
 This function calls:
		_buffer_pop
		_serial_send_byte
 This function is called by:
		_main
 This function uses a non-reentrant model


 *************** function _serial_send_byte *****************
 Defined at:
		line 66 in file "C:/Users/Manuel/Documents/PICLibrary/PICLibraries.X/serial_pic.c"
 Parameters:    Size  Location     Type
  byte            1    wreg     unsigned char 
 Auto vars:     Size  Location     Type
  byte            1    0[COMRAM] unsigned char 
 Return value:  Size  Location     Type
		None               void
 Registers used:
		wreg
 Tracked objects:
		On entry : 
		On exit  : 
		Unchanged: 
 Data sizes:     COMRAM   BANK0
      Params:         0       0
      Locals:         1       0
      Temps:          0       0
      Totals:         1       0
Total ram usage:        1 bytes
 Hardware stack levels used:    1
 This function calls:
		Nothing
 This function is called by:
		_main
		_eserial_send_data
		_serial_send_data
		_serial_send_buffer
 This function uses a non-reentrant model


 *************** function _buffer_pop *****************
 Defined at:
		line 37 in file "C:/Users/Manuel/Documents/PICLibrary/PICLibraries.X/circular_buffer.c"
 Parameters:    Size  Location     Type
  buffer          2    0[COMRAM] PTR struct circular_buff
		 -> main@pic_to_pc(34), main@pic_to_pic(34), 
 Auto vars:     Size  Location     Type
  byte            2    4[COMRAM] int 
 Return value:  Size  Location     Type
                  2    0[COMRAM] int 
 Registers used:
		wreg, fsr2l, fsr2h, status,2, status,0, prodl, prodh
 Tracked objects:
		On entry : 
		On exit  : 
		Unchanged: 
 Data sizes:     COMRAM   BANK0
      Params:         2       0
      Locals:         2       0
      Temps:          2       0
      Totals:         6       0
Total ram usage:        6 bytes
 Hardware stack levels used:    1
 This function calls:
		Nothing
 This function is called by:
		_eserial_send_data
		_espi_slave_send
		_espi_master_send
 This function uses a non-reentrant model



MODULE INFORMATION

Module		Function		Class		Link	Load	Size
C:/Users/Manuel/Documents/PICLibrary/PICLibraries.X/timers_pic.c
		_setup_timer3  		CODE           	17EA	0000	9

C:/Users/Manuel/Documents/PICLibrary/PICLibraries.X/timers_pic.c estimated size: 9

C:/Users/Manuel/Documents/PICLibrary/PICLibraries.X/encoding.c
		_decode_data   		CODE           	1900	0000	61
		_encode_data   		CODE           	1A04	0000	71

C:/Users/Manuel/Documents/PICLibrary/PICLibraries.X/encoding.c estimated size: 132

C:/Users/Manuel/Documents/PICLibrary/PICLibraries.X/serial_pic.c
		_setup_simple_s		CODE           	19BE	0000	71
		_serial_send_by		CODE           	17F2	0000	15

C:/Users/Manuel/Documents/PICLibrary/PICLibraries.X/serial_pic.c estimated size: 86

C:/Users/Manuel/Documents/PICLibrary/PICLibraries.X/spi_pic.c
		_setup_spi     		CODE           	193C	0000	63
		_spi_slave_get_		CODE           	1870	0000	31
		_spi_slave_peek		CODE           	18C6	0000	59
		_spi_send_get_b		CODE           	1812	0000	21

C:/Users/Manuel/Documents/PICLibrary/PICLibraries.X/spi_pic.c estimated size: 174

C:/Users/Manuel/Documents/PICLibrary/PICLibraries.X/circular_buffer.c
		_buffer_pop    		CODE           	1B02	0000	123
		_buffer_peek   		CODE           	1A4A	0000	83
		_buffer_push   		CODE           	1A9C	0000	103
		_buffer_space  		CODE           	1826	0000	23
		_buffer_count  		CODE           	1800	0000	19

C:/Users/Manuel/Documents/PICLibrary/PICLibraries.X/circular_buffer.c estimated size: 351

shared
		__initializatio		CODE           	183C	0000	15

shared estimated size: 15

extended_serial.c
		_eserial_setup 		CODE           	1854	0000	29
		_eserial_send_d		CODE           	197A	0000	69

extended_serial.c estimated size: 98

extended_spi.c
		_espi_slave_rec		CODE           	1B7C	0000	155
		_espi_slave_sen		CODE           	1CB2	0000	335
		_espi_setup    		CODE           	188E	0000	57

extended_spi.c estimated size: 547

main.c
		_main          		CODE           	1C16	0000	157

main.c estimated size: 157

