Microchip MPLAB XC8 Compiler V1.34 ()

Linker command line:

--edf=C:\Program Files (x86)\Microchip\xc8\v1.34\dat\en_msgs.txt -cs \
  -h+dist/default/debug\TorqueGriper.X.debug.sym \
  --cmf=dist/default/debug\TorqueGriper.X.debug.cmf -z -Q18F13K22 \
  -oC:\Users\Manuel\AppData\Local\Temp\s584.6 \
  -Mdist/default/debug/TorqueGriper.X.debug.map -E1 -ver=XC8 \
  -ASTACK=060h-0ffh -pstack=STACK -ACODE=00h-01DFFh -ACONST=00h-01DFFh \
  -ASMALLCONST=0100h-01FFhx29 -AMEDIUMCONST=0100h-01DFFh -ACOMRAM=01h-05Fh \
  -AABS1=00h-0FFh -ABIGRAM=01h-0FFh -ARAM=060h-0FFh -ABANK0=060h-0FFh \
  -ASFR=0F60h-0FFCh \
  -preset_vec=00h,intcode=08h,intcodelo,powerup,init,end_init \
  -pramtop=0100h -psmallconst=SMALLCONST -pmediumconst=MEDIUMCONST \
  -pconst=CONST -AFARRAM=00h-00h -ACONFIG=0300000h-030000Dh -pconfig=CONFIG \
  -AIDLOC=0200000h-0200007h -pidloc=IDLOC -AEEDATA=0F00000h-0F000FFh \
  -peeprom_data=EEDATA \
  -prdata=COMRAM,nvrram=COMRAM,nvbit=COMRAM,rbss=COMRAM,rbit=COMRAM \
  -pfarbss=FARRAM,fardata=FARRAM,nvFARRAM=FARRAM \
  -pintsave_regs=BIGRAM,bigbss=BIGRAM,bigdata=BIGRAM -pbss=RAM \
  -pidata=CODE,irdata=CODE,ibigdata=CODE,ifardata=CODE -prparam=COMRAM \
  C:\Users\Manuel\AppData\Local\Temp\s584.obj \
  dist/default/debug\TorqueGriper.X.debug.obj 

Object code version is 3.11

Machine type is 18F13K22

Call graph: (short form)




                Name                               Link     Load   Length Selector   Space Scale
C:\Users\Manuel\AppData\Local\Temp\s584.obj
                end_init                             9A       9A        4        4       0
                reset_vec                             0        0        6        0       0
                idloc                            200000   200000        8   200000       0
                config                           300000   300000        E   300000       0
dist/default/debug\TorqueGriper.X.debug.obj
                intcode                               8        8       92        4       0
                text3                               214      214        E        4       0
                text2                               1CE      1CE       38        4       0
                text1                               178      178       56        4       0
                text0                                9E       9E       DA        4       0
                cstackCOMRAM                          1        1       23        1       1
                bssCOMRAM                            24       24        2        1       1
                cinit                               206      206        E        4       0

TOTAL           Name                               Link     Load   Length     Space
        CLASS   STACK          

        CLASS   CODE           
                end_init                             9A       9A        4         0
                intcode                               8        8       92         0
                reset_vec                             0        0        6         0
                text3                               214      214        E         0
                text2                               1CE      1CE       38         0
                text1                               178      178       56         0
                text0                                9E       9E       DA         0
                cinit                               206      206        E         0

        CLASS   CONST          

        CLASS   SMALLCONST     

        CLASS   MEDIUMCONST    

        CLASS   COMRAM         
                cstackCOMRAM                          1        1       23         1
                bssCOMRAM                            24       24        2         1

        CLASS   ABS1           

        CLASS   BIGRAM         

        CLASS   RAM            

        CLASS   BANK0          

        CLASS   SFR            

        CLASS   FARRAM         

        CLASS   CONFIG         
                config                           300000   300000        E         0

        CLASS   IDLOC          
                idloc                            200000   200000        8         0

        CLASS   EEDATA         



SEGMENTS        Name                           Load    Length   Top    Selector   Space  Class

                reset_vec                      000000  000006  000006         0       0  CODE    
                cstackCOMRAM                   000001  000025  000026         1       1  COMRAM  
                intcode                        000008  00021A  000222         4       0  CODE    
                idloc                          200000  000008  200008    200000       0  IDLOC   
                config                         300000  00000E  30000E    300000       0  CONFIG  


UNUSED ADDRESS RANGES

        Name                Unused          Largest block    Delta
        BANK0            000060-0000FF               A0
        BIGRAM           000026-0000FF               DA
        CODE             000006-000007                2
                         000222-001DFF             1BDE
        COMRAM           000026-00005F               3A
        CONST            000006-000007                2
                         000222-001DFF             1BDE
        EEDATA           F00000-F000FF              100
        MEDIUMCONST      000222-001DFF             1BDE
        RAM              000060-0000FF               A0
        SFR              000F60-000FFC               9D
        SMALLCONST       000222-001DFF              100
        STACK            000060-0000FF               A0

                                  Symbol Table

_ANSELHbits              (abs)        000F7F
_ANSELbits               (abs)        000F7E
_BAUDCON                 (abs)        000FB8
_CCP1CONbits             (abs)        000FBD
_CCPR1L                  (abs)        000FBE
_INTCONbits              (abs)        000FF2
_LATCbits                (abs)        000F8B
_PIR2bits                (abs)        000FA1
_PORTCbits               (abs)        000F82
_PR2                     (abs)        000FCB
_PSTRCON                 (abs)        000FB9
_PSTRCONbits             (abs)        000FB9
_RCIF                    (abs)        007CF5
_RCREG                   (abs)        000FAE
_RCSTA                   (abs)        000FAB
_RCSTAbits               (abs)        000FAB
_SPBRG                   (abs)        000FAF
_SPBRGH                  (abs)        000FB0
_SSPBUF                  (abs)        000FC9
_SSPCON1bits             (abs)        000FC6
_SSPSTATbits             (abs)        000FC7
_T2CONbits               (abs)        000FCA
_T3CONbits               (abs)        000FB1
_TMR0H                   (abs)        000FD7
_TMR0L                   (abs)        000FD6
_TMR3                    (abs)        000FB2
_TRISBbits               (abs)        000F93
_TRISCbits               (abs)        000F94
_TXREG                   (abs)        000FAD
_TXSTA                   (abs)        000FAC
_TXSTAbits               (abs)        000FAC
__CFG_BBSIZ$OFF          (abs)        000000
__CFG_BOREN$SBORDIS      (abs)        000000
__CFG_BORV$19            (abs)        000000
__CFG_FCMEN$OFF          (abs)        000000
__CFG_FOSC$HS            (abs)        000000
__CFG_HFOFST$ON          (abs)        000000
__CFG_IESO$OFF           (abs)        000000
__CFG_LVP$OFF            (abs)        000000
__CFG_MCLRE$ON           (abs)        000000
__CFG_PCLKEN$ON          (abs)        000000
__CFG_PLLEN$OFF          (abs)        000000
__CFG_PWRTEN$OFF         (abs)        000000
__CFG_STVREN$ON          (abs)        000000
__CFG_WDTEN$OFF          (abs)        000000
__CFG_WDTPS$32768        (abs)        000000
__CFG_XINST$OFF          (abs)        000000
__HRAM                   (abs)        000000
__Habs1                  abs1         000000
__Hbank0                 bank0        000000
__Hbigbss                bigbss       000000
__Hbigdata               bigdata      000000
__Hbigram                bigram       000000
__Hbss                   bss          000000
__HbssCOMRAM             bssCOMRAM    000000
__Hcinit                 cinit        000000
__Hclrtext               clrtext      000000
__Hcomram                comram       000000
__Hconfig                config       30000E
__Hconst                 const        000000
__HcstackCOMRAM          cstackCOMRAM 000000
__Hdata                  data         000000
__Heeprom_data           eeprom_data  000000
__Hend_init              end_init     00009E
__Hfarbss                farbss       000000
__Hfardata               fardata      000000
__Hibigdata              ibigdata     000000
__Hidata                 idata        000000
__Hidloc                 idloc        200008
__Hifardata              ifardata     000000
__Hinit                  init         00009A
__Hintcode               intcode      00009A
__Hintcode_body          intcode_body 000000
__Hintcodelo             intcodelo    00009A
__Hintentry              intentry     000000
__Hintret                intret       000000
__Hintsave_regs          intsave_regs 000000
__Hirdata                irdata       000000
__Hmediumconst           mediumconst  000000
__HnvFARRAM              nvFARRAM     000000
__Hnvbit                 nvbit        000000
__Hnvrram                nvrram       000000
__Hparam                 rparam       000000
__Hpowerup               powerup      00009A
__Hram                   ram          000000
__Hramtop                ramtop       000100
__Hrbit                  rbit         000000
__Hrbss                  rbss         000000
__Hrdata                 rdata        000000
__Hreset_vec             reset_vec    000006
__Hrparam                rparam       000000
__Hsfr                   sfr          000000
__Hsmallconst            smallconst   000000
__Hspace_0               (abs)        30000E
__Hspace_1               (abs)        000026
__Hspace_2               (abs)        000000
__Hstack                 stack        000000
__Hstruct                struct       000000
__Htemp                  temp         000000
__Htext                  text         000000
__Htext0                 text0        000000
__Htext1                 text1        000000
__Htext2                 text2        000000
__Htext3                 text3        000000
__LRAM                   (abs)        000001
__Labs1                  abs1         000000
__Lbank0                 bank0        000000
__Lbigbss                bigbss       000000
__Lbigdata               bigdata      000000
__Lbigram                bigram       000000
__Lbss                   bss          000000
__LbssCOMRAM             bssCOMRAM    000000
__Lcinit                 cinit        000000
__Lclrtext               clrtext      000000
__Lcomram                comram       000000
__Lconfig                config       300000
__Lconst                 const        000000
__LcstackCOMRAM          cstackCOMRAM 000000
__Ldata                  data         000000
__Leeprom_data           eeprom_data  000000
__Lend_init              end_init     00009A
__Lfarbss                farbss       000000
__Lfardata               fardata      000000
__Libigdata              ibigdata     000000
__Lidata                 idata        000000
__Lidloc                 idloc        200000
__Lifardata              ifardata     000000
__Linit                  init         00009A
__Lintcode               intcode      000008
__Lintcode_body          intcode_body 000000
__Lintcodelo             intcodelo    00009A
__Lintentry              intentry     000000
__Lintret                intret       000000
__Lintsave_regs          intsave_regs 000000
__Lirdata                irdata       000000
__Lmediumconst           mediumconst  000000
__LnvFARRAM              nvFARRAM     000000
__Lnvbit                 nvbit        000000
__Lnvrram                nvrram       000000
__Lparam                 rparam       000000
__Lpowerup               powerup      00009A
__Lram                   ram          000000
__Lramtop                ramtop       000100
__Lrbit                  rbit         000000
__Lrbss                  rbss         000000
__Lrdata                 rdata        000000
__Lreset_vec             reset_vec    000000
__Lrparam                rparam       000000
__Lsfr                   sfr          000000
__Lsmallconst            smallconst   000000
__Lspace_0               (abs)        000000
__Lspace_1               (abs)        000000
__Lspace_2               (abs)        000000
__Lstack                 stack        000000
__Lstruct                struct       000000
__Ltemp                  temp         000000
__Ltext                  text         000000
__Ltext0                 text0        000000
__Ltext1                 text1        000000
__Ltext2                 text2        000000
__Ltext3                 text3        000000
__S0                     (abs)        30000E
__S1                     (abs)        000026
__S2                     (abs)        000000
___inthi_sp              stack        000000
___intlo_sp              stack        000000
___param_bank            (abs)        000010
___rparam_used           (abs)        000001
___sp                    stack        000000
__accesstop              (abs)        000060
__activetblptr           (abs)        000002
__end_of__initialization cinit        00020A
__end_of_com_link        intcode      00009A
__end_of_main            text0        000178
__end_of_sendChar        text3        000222
__end_of_sendData        text2        000206
__end_of_serialSetUp     text1        0001CE
__initialization         cinit        000206
__mediumconst            mediumconst  000000
__pbssCOMRAM             bssCOMRAM    000024
__pcinit                 cinit        000206
__pcstackCOMRAM          cstackCOMRAM 000001
__pintcode               intcode      000008
__ptext0                 text0        00009E
__ptext1                 text1        000178
__ptext2                 text2        0001CE
__ptext3                 text3        000214
__ramtop                 ramtop       000100
__size_of_com_link       (abs)        000000
__size_of_main           (abs)        000000
__size_of_sendChar       (abs)        000000
__size_of_sendData       (abs)        000000
__size_of_serialSetUp    (abs)        000000
__smallconst             smallconst   000000
_com_link                intcode      000008
_main                    text0        00009E
_sendChar                text3        000214
_sendData                text2        0001CE
_serialSetUp             text1        000178
_serialSetUp$741         cstackCOMRAM 000014
_serialSetUp$742         cstackCOMRAM 000016
_timer3Time              bssCOMRAM    000024
end_of_initialization    cinit        00020A
intlevel0                text         000000
intlevel1                text         000000
intlevel2                text         000000
intlevel3                text         000000
main@byte_1              cstackCOMRAM 000022
main@byte_2              cstackCOMRAM 000020
main@data                cstackCOMRAM 000019
main@i                   cstackCOMRAM 000023
main@length              cstackCOMRAM 00001F
main@size                cstackCOMRAM 000021
sendChar@character       cstackCOMRAM 000010
sendData@i               cstackCOMRAM 000016
sendData@length          cstackCOMRAM 000013
sendData@string          cstackCOMRAM 000011
serialSetUp@brg16_bit    cstackCOMRAM 000013
serialSetUp@brgh_bit     cstackCOMRAM 000010
serialSetUp@spbrg16      cstackCOMRAM 000011
stackhi                  (abs)        0000FF
stacklo                  (abs)        000060
start                    init         00009A
start_initialization     cinit        000206


FUNCTION INFORMATION:

 *************** function _main *****************
 Defined at:
		line 49 in file "main.c"
 Parameters:    Size  Location     Type
		None
 Auto vars:     Size  Location     Type
  data            6   24[COMRAM] unsigned char [6]
  i               1   34[COMRAM] unsigned char 
  byte_1          1   33[COMRAM] unsigned char 
  size            1   32[COMRAM] unsigned char 
  byte_2          1   31[COMRAM] unsigned char 
  length          1   30[COMRAM] unsigned char 
 Return value:  Size  Location     Type
                  2   20[None  ] int 
 Registers used:
		wreg, fsr2l, fsr2h, status,2, status,0, prodl, prodh, cstack
 Tracked objects:
		On entry : 
		On exit  : 
		Unchanged: 
 Data sizes:     COMRAM   BANK0
      Params:         0       0
      Locals:        11       0
      Temps:          1       0
      Totals:        12       0
Total ram usage:       12 bytes
 Hardware stack levels required when called:    3
 This function calls:
		_sendChar
		_sendData
		_serialSetUp
 This function is called by:
		Startup code after reset
 This function uses a non-reentrant model


 *************** function _serialSetUp *****************
 Defined at:
		line 23 in file "serialprotocol.c"
 Parameters:    Size  Location     Type
  brg16_bit       1    wreg     unsigned char 
  brgh_bit        1   15[COMRAM] unsigned char 
  spbrg16         2   16[COMRAM] unsigned int 
 Auto vars:     Size  Location     Type
  brg16_bit       1   18[COMRAM] unsigned char 
 Return value:  Size  Location     Type
		None               void
 Registers used:
		wreg, status,2
 Tracked objects:
		On entry : 
		On exit  : 
		Unchanged: 
 Data sizes:     COMRAM   BANK0
      Params:         3       0
      Locals:         5       0
      Temps:          0       0
      Totals:         8       0
Total ram usage:        8 bytes
 Hardware stack levels used:    1
 Hardware stack levels required when called:    1
 This function calls:
		Nothing
 This function is called by:
		_main
 This function uses a non-reentrant model


 *************** function _sendData *****************
 Defined at:
		line 66 in file "serialprotocol.c"
 Parameters:    Size  Location     Type
  string          2   16[COMRAM] PTR unsigned char 
		 -> main@data(6), 
  length          2   18[COMRAM] int 
 Auto vars:     Size  Location     Type
  i               2   21[COMRAM] int 
 Return value:  Size  Location     Type
		None               void
 Registers used:
		wreg, fsr2l, fsr2h, status,2, status,0, cstack
 Tracked objects:
		On entry : 
		On exit  : 
		Unchanged: 
 Data sizes:     COMRAM   BANK0
      Params:         4       0
      Locals:         2       0
      Temps:          1       0
      Totals:         7       0
Total ram usage:        7 bytes
 Hardware stack levels used:    1
 Hardware stack levels required when called:    2
 This function calls:
		_sendChar
 This function is called by:
		_main
 This function uses a non-reentrant model


 *************** function _sendChar *****************
 Defined at:
		line 60 in file "serialprotocol.c"
 Parameters:    Size  Location     Type
  character       1    wreg     unsigned char 
 Auto vars:     Size  Location     Type
  character       1   15[COMRAM] unsigned char 
 Return value:  Size  Location     Type
		None               void
 Registers used:
		wreg
 Tracked objects:
		On entry : 
		On exit  : 
		Unchanged: 
 Data sizes:     COMRAM   BANK0
      Params:         0       0
      Locals:         1       0
      Temps:          0       0
      Totals:         1       0
Total ram usage:        1 bytes
 Hardware stack levels used:    1
 Hardware stack levels required when called:    1
 This function calls:
		Nothing
 This function is called by:
		_main
		_sendData
 This function uses a non-reentrant model


 *************** function _com_link *****************
 Defined at:
		line 158 in file "main.c"
 Parameters:    Size  Location     Type
		None
 Auto vars:     Size  Location     Type
		None
 Return value:  Size  Location     Type
		None               void
 Registers used:
		wreg, status,2
 Tracked objects:
		On entry : 
		On exit  : 
		Unchanged: 
 Data sizes:     COMRAM   BANK0
      Params:         0       0
      Locals:         0       0
      Temps:         15       0
      Totals:        15       0
Total ram usage:       15 bytes
 Hardware stack levels used:    1
 This function calls:
		Nothing
 This function is called by:
		Interrupt level 2
 This function uses a non-reentrant model



MODULE INFORMATION

Module		Function		Class		Link	Load	Size
serialprotocol.c
		_serialSetUp   		CODE           	0178	0000	87
		_sendData      		CODE           	01CE	0000	57
		_sendChar      		CODE           	0214	0000	15

serialprotocol.c estimated size: 159

shared
		__initializatio		CODE           	0206	0000	5

shared estimated size: 5

main.c
		_main          		CODE           	009E	0000	219
		_com_link      		CODE           	0008	0000	147

main.c estimated size: 366

