Microchip MPLAB XC8 Compiler V1.34 ()

Linker command line:

--edf=C:\Program Files (x86)\Microchip\xc8\v1.34\dat\en_msgs.txt -cs \
  -h+dist/default/debug\TorqueGriperSecondPIC.X.debug.sym \
  --cmf=dist/default/debug\TorqueGriperSecondPIC.X.debug.cmf -z -Q18F13K22 \
  -oC:\Users\Manuel\AppData\Local\Temp\s59c.6 \
  -Mdist/default/debug/TorqueGriperSecondPIC.X.debug.map -E1 -ver=XC8 \
  -ASTACK=060h-0ffh -pstack=STACK -ACODE=00h-01DFFh -ACONST=00h-01DFFh \
  -ASMALLCONST=0100h-01FFhx29 -AMEDIUMCONST=0100h-01DFFh -ACOMRAM=01h-05Fh \
  -AABS1=00h-0FFh -ABIGRAM=01h-0FFh -ARAM=060h-0FFh -ABANK0=060h-0FFh \
  -ASFR=0F60h-0FFCh -preset_vec=00h,intcode,intcodelo,powerup,init,end_init \
  -pramtop=0100h -psmallconst=SMALLCONST -pmediumconst=MEDIUMCONST \
  -pconst=CONST -AFARRAM=00h-00h -ACONFIG=0300000h-030000Dh -pconfig=CONFIG \
  -AIDLOC=0200000h-0200007h -pidloc=IDLOC -AEEDATA=0F00000h-0F000FFh \
  -peeprom_data=EEDATA \
  -prdata=COMRAM,nvrram=COMRAM,nvbit=COMRAM,rbss=COMRAM,rbit=COMRAM \
  -pfarbss=FARRAM,fardata=FARRAM,nvFARRAM=FARRAM \
  -pintsave_regs=BIGRAM,bigbss=BIGRAM,bigdata=BIGRAM -pbss=RAM \
  -pidata=CODE,irdata=CODE,ibigdata=CODE,ifardata=CODE -prparam=COMRAM \
  C:\Users\Manuel\AppData\Local\Temp\s59c.obj \
  dist/default/debug\TorqueGriperSecondPIC.X.debug.obj 

Object code version is 3.11

Machine type is 18F13K22

Call graph: (short form)




                Name                               Link     Load   Length Selector   Space Scale
C:\Users\Manuel\AppData\Local\Temp\s59c.obj
                end_init                              2        2        4        0       0
                reset_vec                             0        0        2        0       0
                idloc                            200000   200000        8   200000       0
                config                           300000   300000        E   300000       0
dist/default/debug\TorqueGriperSecondPIC.X.debug.obj
                text3                              1CAC     1CAC       10      E56       0
                text2                              1D9C     1D9C       64      ECE       0
                text1                              1D42     1D42       5A      EA1       0
                text0                              1CEE     1CEE       54      E77       0
                cstackCOMRAM                          1        1       2F        1       1
                dataCOMRAM                           50       50        7        1       1
                bssCOMRAM                            30       30       20        1       1
                cinit                              1CBC     1CBC       32      E5E       0
                idataCOMRAM                        1CA5     1CA5        7     1CA5       0

TOTAL           Name                               Link     Load   Length     Space
        CLASS   STACK          

        CLASS   CODE           
                end_init                              2        2        4         0
                reset_vec                             0        0        2         0
                text3                              1CAC     1CAC       10         0
                text2                              1D9C     1D9C       64         0
                text1                              1D42     1D42       5A         0
                text0                              1CEE     1CEE       54         0
                cinit                              1CBC     1CBC       32         0
                idataCOMRAM                        1CA5     1CA5        7         0

        CLASS   CONST          

        CLASS   SMALLCONST     

        CLASS   MEDIUMCONST    

        CLASS   COMRAM         
                cstackCOMRAM                          1        1       2F         1
                dataCOMRAM                           50       50        7         1
                bssCOMRAM                            30       30       20         1

        CLASS   ABS1           

        CLASS   BIGRAM         

        CLASS   RAM            

        CLASS   BANK0          

        CLASS   SFR            

        CLASS   FARRAM         

        CLASS   CONFIG         
                config                           300000   300000        E         0

        CLASS   IDLOC          
                idloc                            200000   200000        8         0

        CLASS   EEDATA         



SEGMENTS        Name                           Load    Length   Top    Selector   Space  Class

                reset_vec                      000000  000006  000006         0       0  CODE    
                cstackCOMRAM                   000001  000056  000057         1       1  COMRAM  
                idataCOMRAM                    001CA5  000007  001CAC      1CA5       0  CODE    
                text3                          001CAC  000010  001CBC       E56       0  CODE    
                cinit                          001CBC  000032  001CEE       E5E       0  CODE    
                text0                          001CEE  000054  001D42       E77       0  CODE    
                text1                          001D42  00005A  001D9C       EA1       0  CODE    
                text2                          001D9C  000064  001E00       ECE       0  CODE    
                idloc                          200000  000008  200008    200000       0  IDLOC   
                config                         300000  00000E  30000E    300000       0  CONFIG  


UNUSED ADDRESS RANGES

        Name                Unused          Largest block    Delta
        BANK0            000060-0000FF               A0
        BIGRAM           000057-0000FF               A9
        CODE             000006-001CA4             1C9F
        COMRAM           000057-00005F                9
        CONST            000006-001CA4             1C9F
        EEDATA           F00000-F000FF              100
        MEDIUMCONST      000100-001CA4             1BA5
        RAM              000060-0000FF               A0
        SFR              000F60-000FFC               9D
        SMALLCONST       000100-001CA4              100
        STACK            000060-0000FF               A0

                                  Symbol Table

_ANSELHbits              (abs)        000F7F
_LATCbits                (abs)        000F8B
_OSCCONbits              (abs)        000FD3
_PORTCbits               (abs)        000F82
_SSPBUF                  (abs)        000FC9
_SSPCON1bits             (abs)        000FC6
_SSPSTATbits             (abs)        000FC7
_TRISBbits               (abs)        000F93
_TRISCbits               (abs)        000F94
__CFG_FOSC$IRC           (abs)        000000
__CFG_LVP$OFF            (abs)        000000
__HRAM                   (abs)        000000
__Habs1                  abs1         000000
__Hbank0                 bank0        000000
__Hbigbss                bigbss       000000
__Hbigdata               bigdata      000000
__Hbigram                bigram       000000
__Hbss                   bss          000000
__HbssCOMRAM             bssCOMRAM    000000
__Hcinit                 cinit        000000
__Hclrtext               clrtext      000000
__Hcomram                comram       000000
__Hconfig                config       30000E
__Hconst                 const        000000
__HcstackCOMRAM          cstackCOMRAM 000000
__Hdata                  data         000000
__HdataCOMRAM            dataCOMRAM   000000
__Heeprom_data           eeprom_data  000000
__Hend_init              end_init     000006
__Hfarbss                farbss       000000
__Hfardata               fardata      000000
__Hibigdata              ibigdata     000000
__Hidata                 idata        000000
__HidataCOMRAM           idataCOMRAM  000000
__Hidloc                 idloc        200008
__Hifardata              ifardata     000000
__Hinit                  init         000002
__Hintcode               intcode      000002
__Hintcode_body          intcode_body 000000
__Hintcodelo             intcodelo    000002
__Hintentry              intentry     000000
__Hintret                intret       000000
__Hintsave_regs          intsave_regs 000000
__Hirdata                irdata       000000
__Hmediumconst           mediumconst  000000
__HnvFARRAM              nvFARRAM     000000
__Hnvbit                 nvbit        000000
__Hnvrram                nvrram       000000
__Hparam                 rparam       000000
__Hpowerup               powerup      000002
__Hram                   ram          000000
__Hramtop                ramtop       000100
__Hrbit                  rbit         000000
__Hrbss                  rbss         000000
__Hrdata                 rdata        000000
__Hreset_vec             reset_vec    000002
__Hrparam                rparam       000000
__Hsfr                   sfr          000000
__Hsmallconst            smallconst   000000
__Hspace_0               (abs)        30000E
__Hspace_1               (abs)        000057
__Hspace_2               (abs)        000000
__Hstack                 stack        000000
__Hstruct                struct       000000
__Htemp                  temp         000000
__Htext                  text         000000
__Htext0                 text0        000000
__Htext1                 text1        000000
__Htext2                 text2        000000
__Htext3                 text3        000000
__LRAM                   (abs)        000001
__Labs1                  abs1         000000
__Lbank0                 bank0        000000
__Lbigbss                bigbss       000000
__Lbigdata               bigdata      000000
__Lbigram                bigram       000000
__Lbss                   bss          000000
__LbssCOMRAM             bssCOMRAM    000000
__Lcinit                 cinit        000000
__Lclrtext               clrtext      000000
__Lcomram                comram       000000
__Lconfig                config       300000
__Lconst                 const        000000
__LcstackCOMRAM          cstackCOMRAM 000000
__Ldata                  data         000000
__LdataCOMRAM            dataCOMRAM   000000
__Leeprom_data           eeprom_data  000000
__Lend_init              end_init     000002
__Lfarbss                farbss       000000
__Lfardata               fardata      000000
__Libigdata              ibigdata     000000
__Lidata                 idata        000000
__LidataCOMRAM           idataCOMRAM  000000
__Lidloc                 idloc        200000
__Lifardata              ifardata     000000
__Linit                  init         000002
__Lintcode               intcode      000002
__Lintcode_body          intcode_body 000000
__Lintcodelo             intcodelo    000002
__Lintentry              intentry     000000
__Lintret                intret       000000
__Lintsave_regs          intsave_regs 000000
__Lirdata                irdata       000000
__Lmediumconst           mediumconst  000000
__LnvFARRAM              nvFARRAM     000000
__Lnvbit                 nvbit        000000
__Lnvrram                nvrram       000000
__Lparam                 rparam       000000
__Lpowerup               powerup      000002
__Lram                   ram          000000
__Lramtop                ramtop       000100
__Lrbit                  rbit         000000
__Lrbss                  rbss         000000
__Lrdata                 rdata        000000
__Lreset_vec             reset_vec    000000
__Lrparam                rparam       000000
__Lsfr                   sfr          000000
__Lsmallconst            smallconst   000000
__Lspace_0               (abs)        000000
__Lspace_1               (abs)        000000
__Lspace_2               (abs)        000000
__Lstack                 stack        000000
__Lstruct                struct       000000
__Ltemp                  temp         000000
__Ltext                  text         000000
__Ltext0                 text0        000000
__Ltext1                 text1        000000
__Ltext2                 text2        000000
__Ltext3                 text3        000000
__S0                     (abs)        30000E
__S1                     (abs)        000057
__S2                     (abs)        000000
___inthi_sp              stack        000000
___intlo_sp              stack        000000
___param_bank            (abs)        000010
___rparam_used           (abs)        000001
___sp                    stack        000000
__accesstop              (abs)        000060
__activetblptr           (abs)        000000
__end_of__initialization cinit        001CE8
__end_of_main            text0        001D42
__end_of_send_data_spi   text2        001E00
__end_of_set_spi         text1        001D9C
__end_of_spi_write       text3        001CBC
__initialization         cinit        001CBC
__mediumconst            mediumconst  000000
__pbssCOMRAM             bssCOMRAM    000030
__pcinit                 cinit        001CBC
__pcstackCOMRAM          cstackCOMRAM 000001
__pdataCOMRAM            dataCOMRAM   000050
__pidataCOMRAM           idataCOMRAM  001CA5
__ptext0                 text0        001CEE
__ptext1                 text1        001D42
__ptext2                 text2        001D9C
__ptext3                 text3        001CAC
__ramtop                 ramtop       000100
__size_of_main           (abs)        000000
__size_of_send_data_spi  (abs)        000000
__size_of_set_spi        (abs)        000000
__size_of_spi_write      (abs)        000000
__smallconst             smallconst   000000
_main                    text0        001CEE
_send_data_spi           text2        001D9C
_set_spi                 text1        001D42
_spi_write               text3        001CAC
end_of_initialization    cinit        001CE8
intlevel0                text         000000
intlevel1                text         000000
intlevel2                text         000000
intlevel3                text         000000
main@F3889               bssCOMRAM    000030
main@F3891               dataCOMRAM   000050
main@data                cstackCOMRAM 000029
main@my_data             cstackCOMRAM 000009
send_data_spi@byte_1     cstackCOMRAM 000006
send_data_spi@byte_2     cstackCOMRAM 000007
send_data_spi@data       cstackCOMRAM 000002
send_data_spi@i          cstackCOMRAM 000008
send_data_spi@size       cstackCOMRAM 000004
set_spi@mode             cstackCOMRAM 000004
set_spi@polarity         cstackCOMRAM 000001
set_spi@sample           cstackCOMRAM 000003
set_spi@selection        cstackCOMRAM 000002
spi_write@data           cstackCOMRAM 000001
stackhi                  (abs)        0000FF
stacklo                  (abs)        000060
start                    init         000002
start_initialization     cinit        001CBC


FUNCTION INFORMATION:

 *************** function _main *****************
 Defined at:
		line 10 in file "main.c"
 Parameters:    Size  Location     Type
		None
 Auto vars:     Size  Location     Type
  my_data        32    8[COMRAM] struct spi_receive_buffe
  data            7   40[COMRAM] unsigned char [7]
 Return value:  Size  Location     Type
                  2    8[None  ] int 
 Registers used:
		wreg, fsr1l, fsr1h, fsr2l, fsr2h, status,2, status,0, prodl, prodh, cstack
 Tracked objects:
		On entry : 
		On exit  : 
		Unchanged: 
 Data sizes:     COMRAM   BANK0
      Params:         0       0
      Locals:        39       0
      Temps:          0       0
      Totals:        39       0
Total ram usage:       39 bytes
 Hardware stack levels required when called:    2
 This function calls:
		_send_data_spi
		_set_spi
 This function is called by:
		Startup code after reset
 This function uses a non-reentrant model


 *************** function _set_spi *****************
 Defined at:
		line 4 in file "spi.c"
 Parameters:    Size  Location     Type
  mode            1    wreg     enum E3852
  polarity        1    0[COMRAM] enum E3859
  selection       1    1[COMRAM] enum E3862
  sample          1    2[COMRAM] enum E3865
 Auto vars:     Size  Location     Type
  mode            1    3[COMRAM] enum E3852
 Return value:  Size  Location     Type
		None               void
 Registers used:
		wreg, status,2, status,0
 Tracked objects:
		On entry : 
		On exit  : 
		Unchanged: 
 Data sizes:     COMRAM   BANK0
      Params:         3       0
      Locals:         1       0
      Temps:          0       0
      Totals:         4       0
Total ram usage:        4 bytes
 Hardware stack levels used:    1
 This function calls:
		Nothing
 This function is called by:
		_main
 This function uses a non-reentrant model


 *************** function _send_data_spi *****************
 Defined at:
		line 45 in file "spi.c"
 Parameters:    Size  Location     Type
  data            2    1[COMRAM] PTR unsigned char 
		 -> main@data(7), 
  size            1    3[COMRAM] unsigned char 
 Auto vars:     Size  Location     Type
  byte_2          1    6[COMRAM] unsigned char 
  byte_1          1    5[COMRAM] unsigned char 
  i               1    7[COMRAM] unsigned char 
 Return value:  Size  Location     Type
		None               void
 Registers used:
		wreg, fsr2l, fsr2h, status,2, status,0, prodl, prodh, cstack
 Tracked objects:
		On entry : 
		On exit  : 
		Unchanged: 
 Data sizes:     COMRAM   BANK0
      Params:         3       0
      Locals:         3       0
      Temps:          1       0
      Totals:         7       0
Total ram usage:        7 bytes
 Hardware stack levels used:    1
 Hardware stack levels required when called:    1
 This function calls:
		_spi_write
 This function is called by:
		_main
 This function uses a non-reentrant model


 *************** function _spi_write *****************
 Defined at:
		line 32 in file "spi.c"
 Parameters:    Size  Location     Type
  data            1    wreg     unsigned char 
 Auto vars:     Size  Location     Type
  data            1    0[COMRAM] unsigned char 
 Return value:  Size  Location     Type
                  1    wreg      unsigned char 
 Registers used:
		wreg, status,2
 Tracked objects:
		On entry : 
		On exit  : 
		Unchanged: 
 Data sizes:     COMRAM   BANK0
      Params:         0       0
      Locals:         1       0
      Temps:          0       0
      Totals:         1       0
Total ram usage:        1 bytes
 Hardware stack levels used:    1
 This function calls:
		Nothing
 This function is called by:
		_send_data_spi
		_master_receive_data
 This function uses a non-reentrant model



MODULE INFORMATION

Module		Function		Class		Link	Load	Size
spi.c
		_set_spi       		CODE           	1D42	0000	91
		_spi_write     		CODE           	1CAC	0000	17
		_send_data_spi 		CODE           	1D9C	0000	101

spi.c estimated size: 209

shared
		__initializatio		CODE           	1CBC	0000	45

shared estimated size: 45

main.c
		_main          		CODE           	1CEE	0000	85

main.c estimated size: 85

