Microchip MPLAB XC8 Compiler V1.34 ()

Linker command line:

--edf=C:\Program Files (x86)\Microchip\xc8\v1.34\dat\en_msgs.txt -cs \
  -h+dist/default/production\TorqueGriper.X.production.sym \
  --cmf=dist/default/production\TorqueGriper.X.production.cmf -z -Q18F13K22 \
  -oC:\Users\Manuel\AppData\Local\Temp\s63s.6 \
  -Mdist/default/production/TorqueGriper.X.production.map -E1 -ver=XC8 \
  -ASTACK=080h-0ffh -pstack=STACK -ACODE=00h-01FFFh -ACONST=00h-01FFFh \
  -ASMALLCONST=0100h-01FFhx31 -AMEDIUMCONST=0100h-01FFFh -ACOMRAM=01h-05Fh \
  -AABS1=00h-0FFh -ABIGRAM=01h-0FFh -ARAM=060h-0FFh -ABANK0=060h-0FFh \
  -ASFR=0F60h-0FFFh \
  -preset_vec=00h,intcode=08h,intcodelo,powerup,init,end_init \
  -pramtop=0100h -psmallconst=SMALLCONST -pmediumconst=MEDIUMCONST \
  -pconst=CONST -AFARRAM=00h-00h -ACONFIG=0300000h-030000Dh -pconfig=CONFIG \
  -AIDLOC=0200000h-0200007h -pidloc=IDLOC -AEEDATA=0F00000h-0F000FFh \
  -peeprom_data=EEDATA \
  -prdata=COMRAM,nvrram=COMRAM,nvbit=COMRAM,rbss=COMRAM,rbit=COMRAM \
  -pfarbss=FARRAM,fardata=FARRAM,nvFARRAM=FARRAM \
  -pintsave_regs=BIGRAM,bigbss=BIGRAM,bigdata=BIGRAM -pbss=RAM \
  -pidata=CODE,irdata=CODE,ibigdata=CODE,ifardata=CODE -prparam=COMRAM \
  C:\Users\Manuel\AppData\Local\Temp\s63s.obj \
  dist/default/production\TorqueGriper.X.production.obj 

Object code version is 3.11

Machine type is 18F13K22

Call graph: (short form)




                Name                               Link     Load   Length Selector   Space Scale
C:\Users\Manuel\AppData\Local\Temp\s63s.obj
                end_init                             9C       9C        4        4       0
                reset_vec                             0        0        4        0       0
                idloc                            200000   200000        8   200000       0
                config                           300000   300000        E   300000       0
dist/default/production\TorqueGriper.X.production.obj
                intcode                               8        8       94        4       0
                text7                               2F4      2F4        E        4       0
                text5                               2E6      2E6        E        4       0
                text4                               276      276       56        4       0
                text3                               21C      21C       5A        4       0
                text2                               130      130       88        4       0
                text1                               1B8      1B8       64        4       0
                cstackCOMRAM                          1        1       40        1       1
                bssBANK0                             60       60       20       60       1
                bssCOMRAM                            41       41        2        1       1
                cinit                               2CC      2CC       1A        4       0
                text0                                A0       A0       90        4       0

TOTAL           Name                               Link     Load   Length     Space
        CLASS   STACK          

        CLASS   CODE           
                end_init                             9C       9C        4         0
                intcode                               8        8       94         0
                reset_vec                             0        0        4         0
                text7                               2F4      2F4        E         0
                text5                               2E6      2E6        E         0
                text4                               276      276       56         0
                text3                               21C      21C       5A         0
                text2                               130      130       88         0
                text1                               1B8      1B8       64         0
                cinit                               2CC      2CC       1A         0
                text0                                A0       A0       90         0

        CLASS   CONST          

        CLASS   SMALLCONST     

        CLASS   MEDIUMCONST    

        CLASS   COMRAM         
                cstackCOMRAM                          1        1       40         1
                bssCOMRAM                            41       41        2         1

        CLASS   ABS1           

        CLASS   BIGRAM         

        CLASS   RAM            

        CLASS   BANK0          
                bssBANK0                             60       60       20         1

        CLASS   SFR            

        CLASS   FARRAM         

        CLASS   CONFIG         
                config                           300000   300000        E         0

        CLASS   IDLOC          
                idloc                            200000   200000        8         0

        CLASS   EEDATA         



SEGMENTS        Name                           Load    Length   Top    Selector   Space  Class

                reset_vec                      000000  000004  000004         0       0  CODE    
                cstackCOMRAM                   000001  000042  000043         1       1  COMRAM  
                intcode                        000008  0002FA  000302         4       0  CODE    
                bssBANK0                       000060  000020  000080        60       1  BANK0   
                idloc                          200000  000008  200008    200000       0  IDLOC   
                config                         300000  00000E  30000E    300000       0  CONFIG  


UNUSED ADDRESS RANGES

        Name                Unused          Largest block    Delta
        BANK0            000080-0000FF               80
        BIGRAM           000043-00005F               1D
                         000080-0000FF               80
        CODE             000004-000007                4
                         000302-001FFF             1CFE
        COMRAM           000043-00005F               1D
        CONST            000004-000007                4
                         000302-001FFF             1CFE
        EEDATA           F00000-F000FF              100
        MEDIUMCONST      000302-001FFF             1CFE
        RAM              000080-0000FF               80
        SFR              000F60-000FFF               A0
        SMALLCONST       000302-001FFF              100
        STACK            000080-0000FF               80

                                  Symbol Table

_ANSELHbits                  (abs)        000F7F
_ANSELbits                   (abs)        000F7E
_BAUDCON                     (abs)        000FB8
_CCP1CONbits                 (abs)        000FBD
_CCPR1L                      (abs)        000FBE
_INTCONbits                  (abs)        000FF2
_LATCbits                    (abs)        000F8B
_PIR2bits                    (abs)        000FA1
_PORTCbits                   (abs)        000F82
_PR2                         (abs)        000FCB
_PSTRCON                     (abs)        000FB9
_PSTRCONbits                 (abs)        000FB9
_RCIF                        (abs)        007CF5
_RCREG                       (abs)        000FAE
_RCSTA                       (abs)        000FAB
_RCSTAbits                   (abs)        000FAB
_SPBRG                       (abs)        000FAF
_SPBRGH                      (abs)        000FB0
_SSPBUF                      (abs)        000FC9
_SSPCON1bits                 (abs)        000FC6
_SSPSTATbits                 (abs)        000FC7
_T2CONbits                   (abs)        000FCA
_T3CONbits                   (abs)        000FB1
_TMR0H                       (abs)        000FD7
_TMR0L                       (abs)        000FD6
_TMR3                        (abs)        000FB2
_TRISBbits                   (abs)        000F93
_TRISCbits                   (abs)        000F94
_TXREG                       (abs)        000FAD
_TXSTA                       (abs)        000FAC
_TXSTAbits                   (abs)        000FAC
__CFG_BBSIZ$OFF              (abs)        000000
__CFG_BOREN$SBORDIS          (abs)        000000
__CFG_BORV$19                (abs)        000000
__CFG_FCMEN$OFF              (abs)        000000
__CFG_FOSC$HS                (abs)        000000
__CFG_HFOFST$ON              (abs)        000000
__CFG_IESO$OFF               (abs)        000000
__CFG_LVP$OFF                (abs)        000000
__CFG_MCLRE$ON               (abs)        000000
__CFG_PCLKEN$ON              (abs)        000000
__CFG_PLLEN$OFF              (abs)        000000
__CFG_PWRTEN$OFF             (abs)        000000
__CFG_STVREN$ON              (abs)        000000
__CFG_WDTEN$OFF              (abs)        000000
__CFG_WDTPS$32768            (abs)        000000
__CFG_XINST$OFF              (abs)        000000
__HRAM                       (abs)        000000
__Habs1                      abs1         000000
__Hbank0                     bank0        000000
__Hbigbss                    bigbss       000000
__Hbigdata                   bigdata      000000
__Hbigram                    bigram       000000
__Hbss                       bss          000000
__HbssBANK0                  bssBANK0     000000
__HbssCOMRAM                 bssCOMRAM    000000
__Hcinit                     cinit        000000
__Hclrtext                   clrtext      000000
__Hcomram                    comram       000000
__Hconfig                    config       30000E
__Hconst                     const        000000
__HcstackCOMRAM              cstackCOMRAM 000000
__Hdata                      data         000000
__Heeprom_data               eeprom_data  000000
__Hend_init                  end_init     0000A0
__Hfarbss                    farbss       000000
__Hfardata                   fardata      000000
__Hibigdata                  ibigdata     000000
__Hidata                     idata        000000
__Hidloc                     idloc        200008
__Hifardata                  ifardata     000000
__Hinit                      init         00009C
__Hintcode                   intcode      00009C
__Hintcode_body              intcode_body 000000
__Hintcodelo                 intcodelo    00009C
__Hintentry                  intentry     000000
__Hintret                    intret       000000
__Hintsave_regs              intsave_regs 000000
__Hirdata                    irdata       000000
__Hmediumconst               mediumconst  000000
__HnvFARRAM                  nvFARRAM     000000
__Hnvbit                     nvbit        000000
__Hnvrram                    nvrram       000000
__Hparam                     rparam       000000
__Hpowerup                   powerup      00009C
__Hram                       ram          000000
__Hramtop                    ramtop       000100
__Hrbit                      rbit         000000
__Hrbss                      rbss         000000
__Hrdata                     rdata        000000
__Hreset_vec                 reset_vec    000004
__Hrparam                    rparam       000000
__Hsfr                       sfr          000000
__Hsmallconst                smallconst   000000
__Hspace_0                   (abs)        30000E
__Hspace_1                   (abs)        000080
__Hspace_2                   (abs)        000000
__Hstack                     stack        000000
__Hstruct                    struct       000000
__Htemp                      temp         000000
__Htext                      text         000000
__Htext0                     text0        000000
__Htext1                     text1        000000
__Htext2                     text2        000000
__Htext3                     text3        000000
__Htext4                     text4        000000
__Htext5                     text5        000000
__Htext7                     text7        000000
__LRAM                       (abs)        000001
__Labs1                      abs1         000000
__Lbank0                     bank0        000000
__Lbigbss                    bigbss       000000
__Lbigdata                   bigdata      000000
__Lbigram                    bigram       000000
__Lbss                       bss          000000
__LbssBANK0                  bssBANK0     000000
__LbssCOMRAM                 bssCOMRAM    000000
__Lcinit                     cinit        000000
__Lclrtext                   clrtext      000000
__Lcomram                    comram       000000
__Lconfig                    config       300000
__Lconst                     const        000000
__LcstackCOMRAM              cstackCOMRAM 000000
__Ldata                      data         000000
__Leeprom_data               eeprom_data  000000
__Lend_init                  end_init     00009C
__Lfarbss                    farbss       000000
__Lfardata                   fardata      000000
__Libigdata                  ibigdata     000000
__Lidata                     idata        000000
__Lidloc                     idloc        200000
__Lifardata                  ifardata     000000
__Linit                      init         00009C
__Lintcode                   intcode      000008
__Lintcode_body              intcode_body 000000
__Lintcodelo                 intcodelo    00009C
__Lintentry                  intentry     000000
__Lintret                    intret       000000
__Lintsave_regs              intsave_regs 000000
__Lirdata                    irdata       000000
__Lmediumconst               mediumconst  000000
__LnvFARRAM                  nvFARRAM     000000
__Lnvbit                     nvbit        000000
__Lnvrram                    nvrram       000000
__Lparam                     rparam       000000
__Lpowerup                   powerup      00009C
__Lram                       ram          000000
__Lramtop                    ramtop       000100
__Lrbit                      rbit         000000
__Lrbss                      rbss         000000
__Lrdata                     rdata        000000
__Lreset_vec                 reset_vec    000000
__Lrparam                    rparam       000000
__Lsfr                       sfr          000000
__Lsmallconst                smallconst   000000
__Lspace_0                   (abs)        000000
__Lspace_1                   (abs)        000000
__Lspace_2                   (abs)        000000
__Lstack                     stack        000000
__Lstruct                    struct       000000
__Ltemp                      temp         000000
__Ltext                      text         000000
__Ltext0                     text0        000000
__Ltext1                     text1        000000
__Ltext2                     text2        000000
__Ltext3                     text3        000000
__Ltext4                     text4        000000
__Ltext5                     text5        000000
__Ltext7                     text7        000000
__S0                         (abs)        30000E
__S1                         (abs)        000080
__S2                         (abs)        000000
___inthi_sp                  stack        000000
___intlo_sp                  stack        000000
___param_bank                (abs)        000010
___rparam_used               (abs)        000001
___sp                        stack        000000
__accesstop                  (abs)        000060
__activetblptr               (abs)        000002
__end_of__initialization     cinit        0002DC
__end_of_com_link            intcode      00009C
__end_of_main                text0        000130
__end_of_reassemble_packet   text2        0001B8
__end_of_sendChar            text5        0002F4
__end_of_serialSetUp         text4        0002CC
__end_of_set_spi             text3        000276
__end_of_slave_receive_data  text1        00021C
__end_ofi2_sendChar          text7        000302
__initialization             cinit        0002CC
__mediumconst                mediumconst  000000
__pbssBANK0                  bssBANK0     000060
__pbssCOMRAM                 bssCOMRAM    000041
__pcinit                     cinit        0002CC
__pcstackCOMRAM              cstackCOMRAM 000001
__pintcode                   intcode      000008
__ptext0                     text0        0000A0
__ptext1                     text1        0001B8
__ptext2                     text2        000130
__ptext3                     text3        00021C
__ptext4                     text4        000276
__ptext5                     text5        0002E6
__ptext7                     text7        0002F4
__ramtop                     ramtop       000100
__size_of_com_link           (abs)        000000
__size_of_main               (abs)        000000
__size_of_reassemble_packet  (abs)        000000
__size_of_sendChar           (abs)        000000
__size_of_serialSetUp        (abs)        000000
__size_of_set_spi            (abs)        000000
__size_of_slave_receive_data (abs)        000000
__size_ofi2_sendChar         (abs)        000000
__smallconst                 smallconst   000000
_com_link                    intcode      000008
_main                        text0        0000A0
_reassemble_packet           text2        000130
_sendChar                    text5        0002E6
_serialSetUp                 text4        000276
_serialSetUp$760             cstackCOMRAM 000014
_serialSetUp$761             cstackCOMRAM 000016
_set_spi                     text3        00021C
_slave_receive_data          text1        0001B8
_timer3Time                  bssCOMRAM    000041
end_of_initialization        cinit        0002DC
i2_sendChar                  text7        0002F4
i2sendChar@character         cstackCOMRAM 000001
intlevel0                    text         000000
intlevel1                    text         000000
intlevel2                    text         000000
intlevel3                    text         000000
main@F3924                   bssBANK0     000060
main@i                       cstackCOMRAM 000020
main@my_data                 cstackCOMRAM 000021
reassemble_packet@buffer     cstackCOMRAM 000010
reassemble_packet@byte_1     cstackCOMRAM 000015
reassemble_packet@byte_2     cstackCOMRAM 000016
reassemble_packet@i          cstackCOMRAM 000017
reassemble_packet@size       cstackCOMRAM 000012
sendChar@character           cstackCOMRAM 000010
serialSetUp@brg16_bit        cstackCOMRAM 000013
serialSetUp@brgh_bit         cstackCOMRAM 000010
serialSetUp@spbrg16          cstackCOMRAM 000011
set_spi@mode                 cstackCOMRAM 000013
set_spi@polarity             cstackCOMRAM 000010
set_spi@sample               cstackCOMRAM 000012
set_spi@selection            cstackCOMRAM 000011
slave_receive_data@buffer    cstackCOMRAM 000018
slave_receive_data@i         cstackCOMRAM 00001C
slave_receive_data@receive   cstackCOMRAM 00001A
slave_receive_data@size      cstackCOMRAM 00001B
stackhi                      (abs)        0000FF
stacklo                      (abs)        000080
start                        init         00009C
start_initialization         cinit        0002CC


FUNCTION INFORMATION:

 *************** function _main *****************
 Defined at:
		line 49 in file "main.c"
 Parameters:    Size  Location     Type
		None
 Auto vars:     Size  Location     Type
  my_data        32   32[COMRAM] struct spi_receive_buffe
  i               1   31[COMRAM] unsigned char 
 Return value:  Size  Location     Type
                  2   16[None  ] int 
 Registers used:
		wreg, fsr1l, fsr1h, fsr2l, fsr2h, status,2, status,0, prodl, prodh, cstack
 Tracked objects:
		On entry : 
		On exit  : 
		Unchanged: 
 Data sizes:     COMRAM   BANK0
      Params:         0       0
      Locals:        33       0
      Temps:          3       0
      Totals:        36       0
Total ram usage:       36 bytes
 Hardware stack levels required when called:    4
 This function calls:
		_sendChar
		_serialSetUp
		_set_spi
		_slave_receive_data
 This function is called by:
		Startup code after reset
 This function uses a non-reentrant model


 *************** function _slave_receive_data *****************
 Defined at:
		line 90 in file "../TorqueGriperSecondPIC.X/spi.c"
 Parameters:    Size  Location     Type
  buffer          2   23[COMRAM] PTR struct spi_receive_b
		 -> main@my_data(32), 
 Auto vars:     Size  Location     Type
  i               1   27[COMRAM] unsigned char 
  size            1   26[COMRAM] unsigned char 
  receive         1   25[COMRAM] unsigned char 
 Return value:  Size  Location     Type
		None               void
 Registers used:
		wreg, fsr2l, fsr2h, status,2, status,0, prodl, prodh, cstack
 Tracked objects:
		On entry : 
		On exit  : 
		Unchanged: 
 Data sizes:     COMRAM   BANK0
      Params:         2       0
      Locals:         3       0
      Temps:          0       0
      Totals:         5       0
Total ram usage:        5 bytes
 Hardware stack levels used:    1
 Hardware stack levels required when called:    3
 This function calls:
		_reassemble_packet
 This function is called by:
		_main
 This function uses a non-reentrant model


 *************** function _reassemble_packet *****************
 Defined at:
		line 4 in file "../TorqueGriperSecondPIC.X/spi.c"
 Parameters:    Size  Location     Type
  buffer          2   15[COMRAM] PTR struct spi_receive_b
		 -> main@my_data(32), 
  size            1   17[COMRAM] unsigned char 
 Auto vars:     Size  Location     Type
  byte_2          1   21[COMRAM] unsigned char 
  byte_1          1   20[COMRAM] unsigned char 
  i               1   22[COMRAM] unsigned char 
 Return value:  Size  Location     Type
		None               void
 Registers used:
		wreg, fsr2l, fsr2h, status,2, status,0, prodl, prodh
 Tracked objects:
		On entry : 
		On exit  : 
		Unchanged: 
 Data sizes:     COMRAM   BANK0
      Params:         3       0
      Locals:         3       0
      Temps:          2       0
      Totals:         8       0
Total ram usage:        8 bytes
 Hardware stack levels used:    1
 Hardware stack levels required when called:    2
 This function calls:
		Nothing
 This function is called by:
		_slave_receive_data
		_master_receive_data
 This function uses a non-reentrant model


 *************** function _set_spi *****************
 Defined at:
		line 17 in file "../TorqueGriperSecondPIC.X/spi.c"
 Parameters:    Size  Location     Type
  mode            1    wreg     enum E3059
  polarity        1   15[COMRAM] enum E3066
  selection       1   16[COMRAM] enum E3069
  sample          1   17[COMRAM] enum E3072
 Auto vars:     Size  Location     Type
  mode            1   18[COMRAM] enum E3059
 Return value:  Size  Location     Type
		None               void
 Registers used:
		wreg, status,2, status,0
 Tracked objects:
		On entry : 
		On exit  : 
		Unchanged: 
 Data sizes:     COMRAM   BANK0
      Params:         3       0
      Locals:         1       0
      Temps:          0       0
      Totals:         4       0
Total ram usage:        4 bytes
 Hardware stack levels used:    1
 Hardware stack levels required when called:    2
 This function calls:
		Nothing
 This function is called by:
		_main
 This function uses a non-reentrant model


 *************** function _serialSetUp *****************
 Defined at:
		line 23 in file "serialprotocol.c"
 Parameters:    Size  Location     Type
  brg16_bit       1    wreg     unsigned char 
  brgh_bit        1   15[COMRAM] unsigned char 
  spbrg16         2   16[COMRAM] unsigned int 
 Auto vars:     Size  Location     Type
  brg16_bit       1   18[COMRAM] unsigned char 
 Return value:  Size  Location     Type
		None               void
 Registers used:
		wreg, status,2
 Tracked objects:
		On entry : 
		On exit  : 
		Unchanged: 
 Data sizes:     COMRAM   BANK0
      Params:         3       0
      Locals:         5       0
      Temps:          0       0
      Totals:         8       0
Total ram usage:        8 bytes
 Hardware stack levels used:    1
 Hardware stack levels required when called:    2
 This function calls:
		Nothing
 This function is called by:
		_main
 This function uses a non-reentrant model


 *************** function _sendChar *****************
 Defined at:
		line 60 in file "serialprotocol.c"
 Parameters:    Size  Location     Type
  character       1    wreg     unsigned char 
 Auto vars:     Size  Location     Type
  character       1   15[COMRAM] unsigned char 
 Return value:  Size  Location     Type
		None               void
 Registers used:
		wreg
 Tracked objects:
		On entry : 
		On exit  : 
		Unchanged: 
 Data sizes:     COMRAM   BANK0
      Params:         0       0
      Locals:         1       0
      Temps:          0       0
      Totals:         1       0
Total ram usage:        1 bytes
 Hardware stack levels used:    1
 Hardware stack levels required when called:    2
 This function calls:
		Nothing
 This function is called by:
		_main
		_sendData
 This function uses a non-reentrant model


 *************** function _com_link *****************
 Defined at:
		line 105 in file "main.c"
 Parameters:    Size  Location     Type
		None
 Auto vars:     Size  Location     Type
		None
 Return value:  Size  Location     Type
		None               void
 Registers used:
		wreg, status,2, cstack
 Tracked objects:
		On entry : 
		On exit  : 
		Unchanged: 
 Data sizes:     COMRAM   BANK0
      Params:         0       0
      Locals:         0       0
      Temps:         14       0
      Totals:        14       0
Total ram usage:       14 bytes
 Hardware stack levels used:    1
 Hardware stack levels required when called:    1
 This function calls:
		i2_sendChar
 This function is called by:
		Interrupt level 2
 This function uses a non-reentrant model


 *************** function i2_sendChar *****************
 Defined at:
		line 60 in file "serialprotocol.c"
 Parameters:    Size  Location     Type
  character       1    wreg     unsigned char 
 Auto vars:     Size  Location     Type
  character       1    0[COMRAM] unsigned char 
 Return value:  Size  Location     Type
		None               void
 Registers used:
		wreg
 Tracked objects:
		On entry : 
		On exit  : 
		Unchanged: 
 Data sizes:     COMRAM   BANK0
      Params:         0       0
      Locals:         1       0
      Temps:          0       0
      Totals:         1       0
Total ram usage:        1 bytes
 Hardware stack levels used:    1
 This function calls:
		Nothing
 This function is called by:
		_com_link
 This function uses a non-reentrant model



MODULE INFORMATION

Module		Function		Class		Link	Load	Size
../TorqueGriperSecondPIC.X/spi.c
		_set_spi       		CODE           	021C	0000	91
		_reassemble_pac		CODE           	0130	0000	137
		_slave_receive_		CODE           	01B8	0000	101

../TorqueGriperSecondPIC.X/spi.c estimated size: 329

serialprotocol.c
		_serialSetUp   		CODE           	0276	0000	87
		_sendChar      		CODE           	02E6	0000	15

serialprotocol.c estimated size: 102

shared
		__initializatio		CODE           	02CC	0000	17
		i2_sendChar    		CODE           	02F4	0000	15

shared estimated size: 32

main.c
		_main          		CODE           	00A0	0000	145
		_com_link      		CODE           	0008	0000	149

main.c estimated size: 294

