Microchip MPLAB XC8 Compiler V1.34 ()

Linker command line:

-W9 --edf=C:\Program Files (x86)\Microchip\xc8\v1.34\dat\en_msgs.txt -cs \
  -h+dist/default/production\TorqueGriper.X.production.sym \
  --cmf=dist/default/production\TorqueGriper.X.production.cmf -z -Q18F13K22 \
  -oC:\Users\Manuel\AppData\Local\Temp\s5fk.6 \
  -Mdist/default/production/TorqueGriper.X.production.map -E1 -ver=XC8 \
  -ASTACK=0ABh-0ffh -pstack=STACK -ACODE=00h-01FFFh -ACONST=00h-01FFFh \
  -ASMALLCONST=0100h-01FFhx31 -AMEDIUMCONST=0100h-01FFFh -ACOMRAM=01h-05Fh \
  -AABS1=00h-0FFh -ABIGRAM=01h-0FFh -ARAM=060h-0FFh -ABANK0=060h-0FFh \
  -ASFR=0F60h-0FFFh -preset_vec=00h,intcode,intcodelo,powerup,init,end_init \
  -pramtop=0100h -psmallconst=SMALLCONST -pmediumconst=MEDIUMCONST \
  -pconst=CONST -AFARRAM=00h-00h -ACONFIG=0300000h-030000Dh -pconfig=CONFIG \
  -AIDLOC=0200000h-0200007h -pidloc=IDLOC -AEEDATA=0F00000h-0F000FFh \
  -peeprom_data=EEDATA \
  -prdata=COMRAM,nvrram=COMRAM,nvbit=COMRAM,rbss=COMRAM,rbit=COMRAM \
  -pfarbss=FARRAM,fardata=FARRAM,nvFARRAM=FARRAM \
  -pintsave_regs=BIGRAM,bigbss=BIGRAM,bigdata=BIGRAM -pbss=RAM \
  -pidata=CODE,irdata=CODE,ibigdata=CODE,ifardata=CODE -prparam=COMRAM \
  C:\Users\Manuel\AppData\Local\Temp\s5fk.obj \
  dist/default/production\TorqueGriper.X.production.obj 

Object code version is 3.11

Machine type is 18F13K22

Call graph: (short form)




                Name                               Link     Load   Length Selector   Space Scale
C:\Users\Manuel\AppData\Local\Temp\s5fk.obj
                end_init                              0        0        4        0       0
                idloc                            200000   200000        8   200000       0
                config                           300000   300000        E   300000       0
dist/default/production\TorqueGriper.X.production.obj
                text19                             1A8C     1A8C       1C      D46       0
                text18                             1D22     1D22       7A      E91       0
                text17                             1A42     1A42        E      D21       0
                text16                             1C04     1C04       44      E02       0
                text15                             1C48     1C48       46      E24       0
                text14                             1AA8     1AA8       1C      D54       0
                text13                             1BC6     1BC6       3E      DE3       0
                text12                             1B18     1B18       38      D8C       0
                text11                             1CD4     1CD4       4E      E6A       0
                text10                             1A76     1A76       16      D3B       0
                text9                              1B8A     1B8A       3C      DC5       0
                text8                              1A62     1A62       14      D31       0
                text7                              1AC4     1AC4       1E      D62       0
                text6                              1D9C     1D9C       84      ECE       0
                text5                              1A50     1A50       12      D28       0
                text4                              1C8E     1C8E       46      E47       0
                text3                              1E20     1E20       CE      F10       0
                text2                              1A3A     1A3A        8      D1D       0
                text1                              1B50     1B50       3A      DA8       0
                text0                              1EEE     1EEE      112      F77       0
                cstackCOMRAM                          1        1       5F        1       1
                dataBANK0                            A5       A5        6       60       1
                bssBANK0                             60       60       45       60       1
                cinit                              1AE2     1AE2       36      D71       0
                idataBANK0                         1A34     1A34        6     1A34       0

TOTAL           Name                               Link     Load   Length     Space
        CLASS   STACK          

        CLASS   CODE           
                end_init                              0        0        4         0
                text19                             1A8C     1A8C       1C         0
                text18                             1D22     1D22       7A         0
                text17                             1A42     1A42        E         0
                text16                             1C04     1C04       44         0
                text15                             1C48     1C48       46         0
                text14                             1AA8     1AA8       1C         0
                text13                             1BC6     1BC6       3E         0
                text12                             1B18     1B18       38         0
                text11                             1CD4     1CD4       4E         0
                text10                             1A76     1A76       16         0
                text9                              1B8A     1B8A       3C         0
                text8                              1A62     1A62       14         0
                text7                              1AC4     1AC4       1E         0
                text6                              1D9C     1D9C       84         0
                text5                              1A50     1A50       12         0
                text4                              1C8E     1C8E       46         0
                text3                              1E20     1E20       CE         0
                text2                              1A3A     1A3A        8         0
                text1                              1B50     1B50       3A         0
                text0                              1EEE     1EEE      112         0
                cinit                              1AE2     1AE2       36         0
                idataBANK0                         1A34     1A34        6         0

        CLASS   CONST          

        CLASS   SMALLCONST     

        CLASS   MEDIUMCONST    

        CLASS   COMRAM         
                cstackCOMRAM                          1        1       5F         1

        CLASS   ABS1           

        CLASS   BIGRAM         

        CLASS   RAM            

        CLASS   BANK0          
                dataBANK0                            A5       A5        6         1
                bssBANK0                             60       60       45         1

        CLASS   SFR            

        CLASS   FARRAM         

        CLASS   CONFIG         
                config                           300000   300000        E         0

        CLASS   IDLOC          
                idloc                            200000   200000        8         0

        CLASS   EEDATA         



SEGMENTS        Name                           Load    Length   Top    Selector   Space  Class

                reset_vec                      000000  000004  000004         0       0  CODE    
                cstackCOMRAM                   000001  00005F  000060         1       1  COMRAM  
                bssBANK0                       000060  00004B  0000AB        60       1  BANK0   
                idataBANK0                     001A34  000006  001A3A      1A34       0  CODE    
                text2                          001A3A  000008  001A42       D1D       0  CODE    
                text17                         001A42  00000E  001A50       D21       0  CODE    
                text5                          001A50  000012  001A62       D28       0  CODE    
                text8                          001A62  000014  001A76       D31       0  CODE    
                text10                         001A76  000016  001A8C       D3B       0  CODE    
                text19                         001A8C  00001C  001AA8       D46       0  CODE    
                text14                         001AA8  00001C  001AC4       D54       0  CODE    
                text7                          001AC4  00001E  001AE2       D62       0  CODE    
                cinit                          001AE2  000036  001B18       D71       0  CODE    
                text12                         001B18  000038  001B50       D8C       0  CODE    
                text1                          001B50  00003A  001B8A       DA8       0  CODE    
                text9                          001B8A  00003C  001BC6       DC5       0  CODE    
                text13                         001BC6  00003E  001C04       DE3       0  CODE    
                text16                         001C04  000044  001C48       E02       0  CODE    
                text15                         001C48  000046  001C8E       E24       0  CODE    
                text4                          001C8E  000046  001CD4       E47       0  CODE    
                text11                         001CD4  00004E  001D22       E6A       0  CODE    
                text18                         001D22  00007A  001D9C       E91       0  CODE    
                text6                          001D9C  000084  001E20       ECE       0  CODE    
                text3                          001E20  0000CE  001EEE       F10       0  CODE    
                text0                          001EEE  000112  002000       F77       0  CODE    
                idloc                          200000  000008  200008    200000       0  IDLOC   
                config                         300000  00000E  30000E    300000       0  CONFIG  


UNUSED ADDRESS RANGES

        Name                Unused          Largest block    Delta
        BANK0            0000AB-0000FF               55
        BIGRAM           0000AB-0000FF               55
        CODE             000004-001A33             1A30
        CONST            000004-001A33             1A30
        EEDATA           F00000-F000FF              100
        MEDIUMCONST      000100-001A33             1934
        RAM              0000AB-0000FF               55
        SFR              000F60-000FFF               A0
        SMALLCONST       000100-001A33              100
        STACK            0000AB-0000FF               55

                                  Symbol Table

?_buffer_pop                       cstackCOMRAM 000001
?_spi_slave_get_byte               cstackCOMRAM 000001
_ANSELHbits                        (abs)        000F7F
_ANSELbits                         (abs)        000F7E
_BAUDCON                           (abs)        000FB8
_INT2IF                            (abs)        007F81
_INTCON                            (abs)        000FF2
_INTCON2bits                       (abs)        000FF1
_INTCON3bits                       (abs)        000FF0
_LATAbits                          (abs)        000F89
_LATCbits                          (abs)        000F8B
_PIE2bits                          (abs)        000FA0
_PIR2bits                          (abs)        000FA1
_PORTCbits                         (abs)        000F82
_RCIE                              (abs)        007CED
_RCIF                              (abs)        007CF5
_RCREG                             (abs)        000FAE
_RCSTA                             (abs)        000FAB
_RCSTAbits                         (abs)        000FAB
_SPBRG                             (abs)        000FAF
_SPBRGH                            (abs)        000FB0
_SSPBUF                            (abs)        000FC9
_SSPCON1                           (abs)        000FC6
_SSPCON1bits                       (abs)        000FC6
_SSPSTAT                           (abs)        000FC7
_SSPSTATbits                       (abs)        000FC7
_T3CON                             (abs)        000FB1
_TMR3                              (abs)        000FB2
_TRISAbits                         (abs)        000F92
_TRISBbits                         (abs)        000F93
_TRISCbits                         (abs)        000F94
_TXIE                              (abs)        007CEC
_TXIF                              (abs)        007CF4
_TXREG                             (abs)        000FAD
_TXSTA                             (abs)        000FAC
__CFG_FOSC$HS                      (abs)        000000
__CFG_LVP$OFF                      (abs)        000000
__HRAM                             (abs)        000000
__Habs1                            abs1         000000
__Hbank0                           bank0        000000
__Hbigbss                          bigbss       000000
__Hbigdata                         bigdata      000000
__Hbigram                          bigram       000000
__Hbss                             bss          000000
__HbssBANK0                        bssBANK0     000000
__Hcinit                           cinit        000000
__Hclrtext                         clrtext      000000
__Hcomram                          comram       000000
__Hconfig                          config       30000E
__Hconst                           const        000000
__HcstackCOMRAM                    cstackCOMRAM 000000
__Hdata                            data         000000
__HdataBANK0                       dataBANK0    000000
__Heeprom_data                     eeprom_data  000000
__Hend_init                        end_init     000004
__Hfarbss                          farbss       000000
__Hfardata                         fardata      000000
__Hibigdata                        ibigdata     000000
__Hidata                           idata        000000
__HidataBANK0                      idataBANK0   000000
__Hidloc                           idloc        200008
__Hifardata                        ifardata     000000
__Hinit                            init         000000
__Hintcode                         intcode      000000
__Hintcode_body                    intcode_body 000000
__Hintcodelo                       intcodelo    000000
__Hintentry                        intentry     000000
__Hintret                          intret       000000
__Hintsave_regs                    intsave_regs 000000
__Hirdata                          irdata       000000
__Hmediumconst                     mediumconst  000000
__HnvFARRAM                        nvFARRAM     000000
__Hnvbit                           nvbit        000000
__Hnvrram                          nvrram       000000
__Hparam                           rparam       000000
__Hpowerup                         powerup      000000
__Hram                             ram          000000
__Hramtop                          ramtop       000100
__Hrbit                            rbit         000000
__Hrbss                            rbss         000000
__Hrdata                           rdata        000000
__Hreset_vec                       reset_vec    000000
__Hrparam                          rparam       000000
__Hsfr                             sfr          000000
__Hsmallconst                      smallconst   000000
__Hspace_0                         (abs)        30000E
__Hspace_1                         (abs)        0000AB
__Hspace_2                         (abs)        000000
__Hstack                           stack        000000
__Hstruct                          struct       000000
__Htemp                            temp         000000
__Htext                            text         000000
__Htext0                           text0        000000
__Htext1                           text1        000000
__Htext10                          text10       000000
__Htext11                          text11       000000
__Htext12                          text12       000000
__Htext13                          text13       000000
__Htext14                          text14       000000
__Htext15                          text15       000000
__Htext16                          text16       000000
__Htext17                          text17       000000
__Htext18                          text18       000000
__Htext19                          text19       000000
__Htext2                           text2        000000
__Htext3                           text3        000000
__Htext4                           text4        000000
__Htext5                           text5        000000
__Htext6                           text6        000000
__Htext7                           text7        000000
__Htext8                           text8        000000
__Htext9                           text9        000000
__LRAM                             (abs)        000001
__Labs1                            abs1         000000
__Lbank0                           bank0        000000
__Lbigbss                          bigbss       000000
__Lbigdata                         bigdata      000000
__Lbigram                          bigram       000000
__Lbss                             bss          000000
__LbssBANK0                        bssBANK0     000000
__Lcinit                           cinit        000000
__Lclrtext                         clrtext      000000
__Lcomram                          comram       000000
__Lconfig                          config       300000
__Lconst                           const        000000
__LcstackCOMRAM                    cstackCOMRAM 000000
__Ldata                            data         000000
__LdataBANK0                       dataBANK0    000000
__Leeprom_data                     eeprom_data  000000
__Lend_init                        end_init     000000
__Lfarbss                          farbss       000000
__Lfardata                         fardata      000000
__Libigdata                        ibigdata     000000
__Lidata                           idata        000000
__LidataBANK0                      idataBANK0   000000
__Lidloc                           idloc        200000
__Lifardata                        ifardata     000000
__Linit                            init         000000
__Lintcode                         intcode      000000
__Lintcode_body                    intcode_body 000000
__Lintcodelo                       intcodelo    000000
__Lintentry                        intentry     000000
__Lintret                          intret       000000
__Lintsave_regs                    intsave_regs 000000
__Lirdata                          irdata       000000
__Lmediumconst                     mediumconst  000000
__LnvFARRAM                        nvFARRAM     000000
__Lnvbit                           nvbit        000000
__Lnvrram                          nvrram       000000
__Lparam                           rparam       000000
__Lpowerup                         powerup      000000
__Lram                             ram          000000
__Lramtop                          ramtop       000100
__Lrbit                            rbit         000000
__Lrbss                            rbss         000000
__Lrdata                           rdata        000000
__Lreset_vec                       reset_vec    000000
__Lrparam                          rparam       000000
__Lsfr                             sfr          000000
__Lsmallconst                      smallconst   000000
__Lspace_0                         (abs)        000000
__Lspace_1                         (abs)        000000
__Lspace_2                         (abs)        000000
__Lstack                           stack        000000
__Lstruct                          struct       000000
__Ltemp                            temp         000000
__Ltext                            text         000000
__Ltext0                           text0        000000
__Ltext1                           text1        000000
__Ltext10                          text10       000000
__Ltext11                          text11       000000
__Ltext12                          text12       000000
__Ltext13                          text13       000000
__Ltext14                          text14       000000
__Ltext15                          text15       000000
__Ltext16                          text16       000000
__Ltext17                          text17       000000
__Ltext18                          text18       000000
__Ltext19                          text19       000000
__Ltext2                           text2        000000
__Ltext3                           text3        000000
__Ltext4                           text4        000000
__Ltext5                           text5        000000
__Ltext6                           text6        000000
__Ltext7                           text7        000000
__Ltext8                           text8        000000
__Ltext9                           text9        000000
__S0                               (abs)        30000E
__S1                               (abs)        0000AB
__S2                               (abs)        000000
___inthi_sp                        stack        000000
___intlo_sp                        stack        000000
___param_bank                      (abs)        000010
___rparam_used                     (abs)        000001
___sp                              stack        000000
__accesstop                        (abs)        000060
__activetblptr                     (abs)        000002
__end_of__initialization           cinit        001B0E
__end_of_buffer_count              text5        001A62
__end_of_buffer_empty              text19       001AA8
__end_of_buffer_pop                text18       001D9C
__end_of_buffer_push               text11       001D22
__end_of_buffer_space              text10       001A8C
__end_of_decode_data               text9        001BC6
__end_of_encode_data               text4        001CD4
__end_of_eserial_send_data         text16       001C48
__end_of_eserial_setup             text14       001AC4
__end_of_espi_setup                text12       001B50
__end_of_espi_slave_receive        text6        001E20
__end_of_espi_slave_send           text3        001EEE
__end_of_main                      text0        002000
__end_of_serial_send_byte          text17       001A50
__end_of_setup_simple_serial       text15       001C8E
__end_of_setup_spi                 text13       001C04
__end_of_setup_timer3              text2        001A42
__end_of_spi_send_get_byte         text8        001A76
__end_of_spi_slave_get_byte        text7        001AE2
__end_of_spi_slave_peek_receive    text1        001B8A
__initialization                   cinit        001AE2
__mediumconst                      mediumconst  000000
__pbssBANK0                        bssBANK0     000060
__pcinit                           cinit        001AE2
__pcstackCOMRAM                    cstackCOMRAM 000001
__pdataBANK0                       dataBANK0    0000A5
__pidataBANK0                      idataBANK0   001A34
__ptext0                           text0        001EEE
__ptext1                           text1        001B50
__ptext10                          text10       001A76
__ptext11                          text11       001CD4
__ptext12                          text12       001B18
__ptext13                          text13       001BC6
__ptext14                          text14       001AA8
__ptext15                          text15       001C48
__ptext16                          text16       001C04
__ptext17                          text17       001A42
__ptext18                          text18       001D22
__ptext19                          text19       001A8C
__ptext2                           text2        001A3A
__ptext3                           text3        001E20
__ptext4                           text4        001C8E
__ptext5                           text5        001A50
__ptext6                           text6        001D9C
__ptext7                           text7        001AC4
__ptext8                           text8        001A62
__ptext9                           text9        001B8A
__ramtop                           ramtop       000100
__size_of_buffer_count             (abs)        000000
__size_of_buffer_empty             (abs)        000000
__size_of_buffer_pop               (abs)        000000
__size_of_buffer_push              (abs)        000000
__size_of_buffer_space             (abs)        000000
__size_of_decode_data              (abs)        000000
__size_of_encode_data              (abs)        000000
__size_of_eserial_send_data        (abs)        000000
__size_of_eserial_setup            (abs)        000000
__size_of_espi_setup               (abs)        000000
__size_of_espi_slave_receive       (abs)        000000
__size_of_espi_slave_send          (abs)        000000
__size_of_main                     (abs)        000000
__size_of_serial_send_byte         (abs)        000000
__size_of_setup_simple_serial      (abs)        000000
__size_of_setup_spi                (abs)        000000
__size_of_setup_timer3             (abs)        000000
__size_of_spi_send_get_byte        (abs)        000000
__size_of_spi_slave_get_byte       (abs)        000000
__size_of_spi_slave_peek_receive   (abs)        000000
__smallconst                       smallconst   000000
_buffer_count                      text5        001A50
_buffer_empty                      text19       001A8C
_buffer_pop                        text18       001D22
_buffer_push                       text11       001CD4
_buffer_space                      text10       001A76
_decode_data                       text9        001B8A
_dummy_byte                        bssBANK0     0000A4
_encode_data                       text4        001C8E
_eserial_send_data                 text16       001C04
_eserial_setup                     text14       001AA8
_espi_setup                        text12       001B18
_espi_slave_receive                text6        001D9C
_espi_slave_send                   text3        001E20
_main                              text0        001EEE
_serial_send_byte                  text17       001A42
_set_timer3                        (abs)        000000
_setup_simple_serial               text15       001C48
_setup_simple_serial$226           cstackCOMRAM 000003
_setup_simple_serial$227           cstackCOMRAM 000005
_setup_spi                         text13       001BC6
_setup_timer3                      text2        001A3A
_spi_send_get_byte                 text8        001A62
_spi_slave_get_byte                text7        001AC4
_spi_slave_peek_receive            text1        001B50
_timer3_up                         (abs)        000000
buffer_count@buffer                cstackCOMRAM 000001
buffer_empty@buffer                cstackCOMRAM 000001
buffer_pop@buffer                  cstackCOMRAM 000001
buffer_pop@byte                    cstackCOMRAM 000005
buffer_push@buffer                 cstackCOMRAM 000001
buffer_push@byte                   cstackCOMRAM 000003
buffer_push@current_position       cstackCOMRAM 000005
buffer_space@buffer                cstackCOMRAM 000001
decode_data@byte_1                 cstackCOMRAM 000003
decode_data@byte_2                 cstackCOMRAM 000004
decode_data@data                   cstackCOMRAM 000001
encode_data@byte_1                 cstackCOMRAM 000001
encode_data@byte_2                 cstackCOMRAM 000003
encode_data@data                   cstackCOMRAM 000006
end_of_initialization              cinit        001B0E
eserial_send_data@buffer           cstackCOMRAM 000007
eserial_send_data@i                cstackCOMRAM 000009
eserial_send_data@value            cstackCOMRAM 00000A
eserial_setup@baudrate_bits        cstackCOMRAM 00000A
eserial_setup@baudrate_value       cstackCOMRAM 000008
espi_setup@mode                    cstackCOMRAM 000003
espi_slave_receive@buffer          cstackCOMRAM 000006
espi_slave_receive@received_1      cstackCOMRAM 00000E
espi_slave_receive@received_2      cstackCOMRAM 00000F
espi_slave_receive@timer_start     cstackCOMRAM 000008
espi_slave_receive@timer_up        cstackCOMRAM 00000A
espi_slave_receive@value           cstackCOMRAM 00000D
espi_slave_send@buffer             cstackCOMRAM 000007
espi_slave_send@byte_1             cstackCOMRAM 000010
espi_slave_send@byte_2             cstackCOMRAM 000011
espi_slave_send@byte_to_send       cstackCOMRAM 00000E
espi_slave_send@received_1         cstackCOMRAM 00000A
espi_slave_send@received_2         cstackCOMRAM 00000C
intlevel0                          text         000000
intlevel1                          text         000000
intlevel2                          text         000000
intlevel3                          text         000000
main@F4043                         bssBANK0     000060
main@F4045                         bssBANK0     000082
main@F4048                         dataBANK0    0000A5
main@i                             cstackCOMRAM 000018
main@pic_to_pc                     cstackCOMRAM 00003E
main@pic_to_pic                    cstackCOMRAM 00001C
main@value_113                     cstackCOMRAM 00001A
main@wat                           cstackCOMRAM 000012
serial_send_byte@byte              cstackCOMRAM 000001
setup_simple_serial@baudrate_bits  cstackCOMRAM 000007
setup_simple_serial@baudrate_value cstackCOMRAM 000001
setup_spi@SSPCON1_reg              cstackCOMRAM 000001
setup_spi@SSPSTAT_reg              cstackCOMRAM 000002
setup_timer3@T3CON_reg             cstackCOMRAM 000001
spi_send_get_byte@byte             cstackCOMRAM 000001
spi_slave_get_byte@byte            cstackCOMRAM 000003
spi_slave_peek_receive@byte        cstackCOMRAM 000004
spi_slave_peek_receive@get_byte    cstackCOMRAM 000006
stackhi                            (abs)        0000FF
stacklo                            (abs)        0000AB
start                              init         000000
start_initialization               cinit        001AE2


FUNCTION INFORMATION:

 *************** function _main *****************
 Defined at:
		line 27 in file "main.c"
 Parameters:    Size  Location     Type
		None
 Auto vars:     Size  Location     Type
  value           2   25[COMRAM] int 
  i               2   23[COMRAM] int 
  pic_to_pc      34   61[COMRAM] struct circular_buffer
  pic_to_pic     34   27[COMRAM] struct circular_buffer
  wat             6   17[COMRAM] unsigned char [6]
  value           1    0        unsigned char 
 Return value:  Size  Location     Type
                  2   29[None  ] int 
 Registers used:
		wreg, fsr1l, fsr1h, fsr2l, fsr2h, status,2, status,0, prodl, prodh, cstack
 Tracked objects:
		On entry : 
		On exit  : 
		Unchanged: 
 Data sizes:     COMRAM   BANK0
      Params:         0       0
      Locals:        78       0
      Temps:          0       0
      Totals:        78       0
Total ram usage:       78 bytes
 Hardware stack levels required when called:    2
 This function calls:
		_buffer_empty
		_buffer_push
		_eserial_send_data
		_eserial_setup
		_espi_setup
		_espi_slave_receive
		_espi_slave_send
		_serial_send_byte
		_setup_timer3
		_spi_slave_peek_receive
 This function is called by:
		Startup code after reset
 This function uses a non-reentrant model


 *************** function _spi_slave_peek_receive *****************
 Defined at:
		line 42 in file "C:/Users/Manuel/Documents/PICLibrary/PICLibraries.X/spi_pic.c"
 Parameters:    Size  Location     Type
  get_byte        1    wreg     unsigned char 
  byte            2    3[COMRAM] PTR int 
		 -> main@value_113(2), 
 Auto vars:     Size  Location     Type
  get_byte        1    5[COMRAM] unsigned char 
 Return value:  Size  Location     Type
                  1    wreg      unsigned char 
 Registers used:
		wreg, fsr2l, fsr2h, status,2, cstack
 Tracked objects:
		On entry : 
		On exit  : 
		Unchanged: 
 Data sizes:     COMRAM   BANK0
      Params:         2       0
      Locals:         1       0
      Temps:          0       0
      Totals:         3       0
Total ram usage:        3 bytes
 Hardware stack levels used:    1
 Hardware stack levels required when called:    1
 This function calls:
		_spi_slave_get_byte
 This function is called by:
		_main
 This function uses a non-reentrant model


 *************** function _setup_timer3 *****************
 Defined at:
		line 3 in file "C:/Users/Manuel/Documents/PICLibrary/PICLibraries.X/timers_pic.c"
 Parameters:    Size  Location     Type
  T3CON_reg       1    wreg     unsigned char 
 Auto vars:     Size  Location     Type
  T3CON_reg       1    0[COMRAM] unsigned char 
 Return value:  Size  Location     Type
		None               void
 Registers used:
		wreg
 Tracked objects:
		On entry : 
		On exit  : 
		Unchanged: 
 Data sizes:     COMRAM   BANK0
      Params:         0       0
      Locals:         1       0
      Temps:          0       0
      Totals:         1       0
Total ram usage:        1 bytes
 Hardware stack levels used:    1
 This function calls:
		Nothing
 This function is called by:
		_main
 This function uses a non-reentrant model


 *************** function _espi_slave_send *****************
 Defined at:
		line 79 in file "extended_spi.c"
 Parameters:    Size  Location     Type
  buffer          2    6[COMRAM] PTR struct circular_buff
		 -> main@pic_to_pc(34), 
 Auto vars:     Size  Location     Type
  byte_to_send    2   13[COMRAM] unsigned int 
  received_2      2   11[COMRAM] int 
  received_1      2    9[COMRAM] int 
  byte_2          1   16[COMRAM] unsigned char 
  byte_1          1   15[COMRAM] unsigned char 
 Return value:  Size  Location     Type
		None               void
 Registers used:
		wreg, fsr2l, fsr2h, status,2, status,0, prodl, prodh, cstack
 Tracked objects:
		On entry : 
		On exit  : 
		Unchanged: 
 Data sizes:     COMRAM   BANK0
      Params:         2       0
      Locals:         8       0
      Temps:          1       0
      Totals:        11       0
Total ram usage:       11 bytes
 Hardware stack levels used:    1
 Hardware stack levels required when called:    1
 This function calls:
		_buffer_count
		_buffer_pop
		_encode_data
		_spi_send_get_byte
 This function is called by:
		_main
 This function uses a non-reentrant model


 *************** function _encode_data *****************
 Defined at:
		line 3 in file "C:/Users/Manuel/Documents/PICLibrary/PICLibraries.X/encoding.c"
 Parameters:    Size  Location     Type
  data            1    wreg     unsigned char 
  byte_1          2    0[COMRAM] PTR unsigned char 
		 -> espi_master_send@byte_1(1), espi_slave_send@byte_1(1), 
  byte_2          2    2[COMRAM] PTR unsigned char 
		 -> espi_master_send@byte_2(1), espi_slave_send@byte_2(1), 
 Auto vars:     Size  Location     Type
  data            1    5[COMRAM] unsigned char 
 Return value:  Size  Location     Type
		None               void
 Registers used:
		wreg, fsr2l, fsr2h, status,2, status,0
 Tracked objects:
		On entry : 
		On exit  : 
		Unchanged: 
 Data sizes:     COMRAM   BANK0
      Params:         4       0
      Locals:         1       0
      Temps:          1       0
      Totals:         6       0
Total ram usage:        6 bytes
 Hardware stack levels used:    1
 This function calls:
		Nothing
 This function is called by:
		_espi_slave_send
		_espi_master_send
 This function uses a non-reentrant model


 *************** function _buffer_count *****************
 Defined at:
		line 4 in file "C:/Users/Manuel/Documents/PICLibrary/PICLibraries.X/circular_buffer.c"
 Parameters:    Size  Location     Type
  buffer          2    0[COMRAM] PTR const struct circula
		 -> main@pic_to_pc(34), 
 Auto vars:     Size  Location     Type
		None
 Return value:  Size  Location     Type
                  1    wreg      unsigned char 
 Registers used:
		wreg, fsr2l, fsr2h, status,2, status,0
 Tracked objects:
		On entry : 
		On exit  : 
		Unchanged: 
 Data sizes:     COMRAM   BANK0
      Params:         2       0
      Locals:         0       0
      Temps:          0       0
      Totals:         2       0
Total ram usage:        2 bytes
 Hardware stack levels used:    1
 This function calls:
		Nothing
 This function is called by:
		_espi_slave_send
		_espi_master_send
 This function uses a non-reentrant model


 *************** function _espi_slave_receive *****************
 Defined at:
		line 51 in file "extended_spi.c"
 Parameters:    Size  Location     Type
  buffer          2    5[COMRAM] PTR struct circular_buff
		 -> main@pic_to_pic(34), 
  timer_start     2    7[COMRAM] PTR FTN(int ,)void 
		 -> set_timer3(0), 
  timer_up        2    9[COMRAM] PTR FTN()unsigned char 
		 -> timer3_up(1), 
 Auto vars:     Size  Location     Type
  received_2      1   14[COMRAM] char 
  received_1      1   13[COMRAM] char 
  value           1   12[COMRAM] unsigned char 
 Return value:  Size  Location     Type
		None               void
 Registers used:
		wreg, fsr2l, fsr2h, status,2, status,0, prodl, prodh, cstack
 Tracked objects:
		On entry : 
		On exit  : 
		Unchanged: 
 Data sizes:     COMRAM   BANK0
      Params:         6       0
      Locals:         3       0
      Temps:          1       0
      Totals:        10       0
Total ram usage:       10 bytes
 Hardware stack levels used:    1
 Hardware stack levels required when called:    1
 This function calls:
		_buffer_push
		_buffer_space
		_decode_data
		_spi_send_get_byte
		_spi_slave_get_byte
 This function is called by:
		_main
 This function uses a non-reentrant model


 *************** function _spi_slave_get_byte *****************
 Defined at:
		line 111 in file "C:/Users/Manuel/Documents/PICLibrary/PICLibraries.X/spi_pic.c"
 Parameters:    Size  Location     Type
		None
 Auto vars:     Size  Location     Type
  byte            1    2[COMRAM] unsigned char 
 Return value:  Size  Location     Type
                  2    0[COMRAM] int 
 Registers used:
		None
 Tracked objects:
		On entry : 
		On exit  : 
		Unchanged: 
 Data sizes:     COMRAM   BANK0
      Params:         2       0
      Locals:         1       0
      Temps:          0       0
      Totals:         3       0
Total ram usage:        3 bytes
 Hardware stack levels used:    1
 This function calls:
		Nothing
 This function is called by:
		_spi_slave_peek_receive
		_espi_slave_receive
 This function uses a non-reentrant model


 *************** function _spi_send_get_byte *****************
 Defined at:
		line 33 in file "C:/Users/Manuel/Documents/PICLibrary/PICLibraries.X/spi_pic.c"
 Parameters:    Size  Location     Type
  byte            1    wreg     unsigned char 
 Auto vars:     Size  Location     Type
  byte            1    0[COMRAM] unsigned char 
 Return value:  Size  Location     Type
                  1    wreg      unsigned char 
 Registers used:
		wreg, status,2
 Tracked objects:
		On entry : 
		On exit  : 
		Unchanged: 
 Data sizes:     COMRAM   BANK0
      Params:         0       0
      Locals:         1       0
      Temps:          0       0
      Totals:         1       0
Total ram usage:        1 bytes
 Hardware stack levels used:    1
 This function calls:
		Nothing
 This function is called by:
		_espi_slave_receive
		_espi_slave_send
		_wait_pulse
		_espi_master_send
		_espi_master_receive
 This function uses a non-reentrant model


 *************** function _decode_data *****************
 Defined at:
		line 12 in file "C:/Users/Manuel/Documents/PICLibrary/PICLibraries.X/encoding.c"
 Parameters:    Size  Location     Type
  data            2    0[COMRAM] PTR unsigned char 
		 -> espi_master_receive@value(1), espi_slave_receive@value(1), 
  byte_1          1    2[COMRAM] unsigned char 
  byte_2          1    3[COMRAM] unsigned char 
 Auto vars:     Size  Location     Type
		None
 Return value:  Size  Location     Type
                  1    wreg      char 
 Registers used:
		wreg, fsr2l, fsr2h, status,2, status,0
 Tracked objects:
		On entry : 
		On exit  : 
		Unchanged: 
 Data sizes:     COMRAM   BANK0
      Params:         4       0
      Locals:         0       0
      Temps:          1       0
      Totals:         5       0
Total ram usage:        5 bytes
 Hardware stack levels used:    1
 This function calls:
		Nothing
 This function is called by:
		_espi_slave_receive
		_espi_master_receive
 This function uses a non-reentrant model


 *************** function _buffer_space *****************
 Defined at:
		line 9 in file "C:/Users/Manuel/Documents/PICLibrary/PICLibraries.X/circular_buffer.c"
 Parameters:    Size  Location     Type
  buffer          2    0[COMRAM] PTR const struct circula
		 -> main@pic_to_pic(34), 
 Auto vars:     Size  Location     Type
		None
 Return value:  Size  Location     Type
                  1    wreg      unsigned char 
 Registers used:
		wreg, fsr2l, fsr2h, status,2, status,0
 Tracked objects:
		On entry : 
		On exit  : 
		Unchanged: 
 Data sizes:     COMRAM   BANK0
      Params:         2       0
      Locals:         0       0
      Temps:          0       0
      Totals:         2       0
Total ram usage:        2 bytes
 Hardware stack levels used:    1
 This function calls:
		Nothing
 This function is called by:
		_espi_slave_receive
		_eserial_receive
		_espi_master_receive
 This function uses a non-reentrant model


 *************** function _buffer_push *****************
 Defined at:
		line 24 in file "C:/Users/Manuel/Documents/PICLibrary/PICLibraries.X/circular_buffer.c"
 Parameters:    Size  Location     Type
  buffer          2    0[COMRAM] PTR struct circular_buff
		 -> main@pic_to_pc(34), main@pic_to_pic(34), 
  byte            1    2[COMRAM] unsigned char 
 Auto vars:     Size  Location     Type
  current_posi    1    4[COMRAM] unsigned char 
 Return value:  Size  Location     Type
                  1    wreg      unsigned char 
 Registers used:
		wreg, fsr2l, fsr2h, status,2, status,0, prodl, prodh
 Tracked objects:
		On entry : 
		On exit  : 
		Unchanged: 
 Data sizes:     COMRAM   BANK0
      Params:         3       0
      Locals:         1       0
      Temps:          1       0
      Totals:         5       0
Total ram usage:        5 bytes
 Hardware stack levels used:    1
 This function calls:
		Nothing
 This function is called by:
		_main
		_espi_slave_receive
		_eserial_receive
		_espi_master_receive
 This function uses a non-reentrant model


 *************** function _espi_setup *****************
 Defined at:
		line 24 in file "extended_spi.c"
 Parameters:    Size  Location     Type
  mode            1    wreg     unsigned char 
 Auto vars:     Size  Location     Type
  mode            1    2[COMRAM] unsigned char 
 Return value:  Size  Location     Type
		None               void
 Registers used:
		wreg, status,2, status,0, cstack
 Tracked objects:
		On entry : 
		On exit  : 
		Unchanged: 
 Data sizes:     COMRAM   BANK0
      Params:         0       0
      Locals:         1       0
      Temps:          0       0
      Totals:         1       0
Total ram usage:        1 bytes
 Hardware stack levels used:    1
 Hardware stack levels required when called:    1
 This function calls:
		_setup_spi
 This function is called by:
		_main
 This function uses a non-reentrant model


 *************** function _setup_spi *****************
 Defined at:
		line 12 in file "C:/Users/Manuel/Documents/PICLibrary/PICLibraries.X/spi_pic.c"
 Parameters:    Size  Location     Type
  SSPSTAT_reg     1    wreg     unsigned char 
  SSPCON1_reg     1    0[COMRAM] unsigned char 
 Auto vars:     Size  Location     Type
  SSPSTAT_reg     1    1[COMRAM] unsigned char 
 Return value:  Size  Location     Type
		None               void
 Registers used:
		wreg, status,2, status,0
 Tracked objects:
		On entry : 
		On exit  : 
		Unchanged: 
 Data sizes:     COMRAM   BANK0
      Params:         1       0
      Locals:         1       0
      Temps:          0       0
      Totals:         2       0
Total ram usage:        2 bytes
 Hardware stack levels used:    1
 This function calls:
		Nothing
 This function is called by:
		_espi_setup
 This function uses a non-reentrant model


 *************** function _eserial_setup *****************
 Defined at:
		line 21 in file "extended_serial.c"
 Parameters:    Size  Location     Type
  baudrate_bit    1    wreg     unsigned char 
  baudrate_val    2    7[COMRAM] unsigned int 
 Auto vars:     Size  Location     Type
  baudrate_bit    1    9[COMRAM] unsigned char 
 Return value:  Size  Location     Type
		None               void
 Registers used:
		wreg, status,2, cstack
 Tracked objects:
		On entry : 
		On exit  : 
		Unchanged: 
 Data sizes:     COMRAM   BANK0
      Params:         2       0
      Locals:         1       0
      Temps:          0       0
      Totals:         3       0
Total ram usage:        3 bytes
 Hardware stack levels used:    1
 Hardware stack levels required when called:    1
 This function calls:
		_setup_simple_serial
 This function is called by:
		_main
 This function uses a non-reentrant model


 *************** function _setup_simple_serial *****************
 Defined at:
		line 18 in file "C:/Users/Manuel/Documents/PICLibrary/PICLibraries.X/serial_pic.c"
 Parameters:    Size  Location     Type
  baudrate_bit    1    wreg     unsigned char 
  baudrate_val    2    0[COMRAM] unsigned int 
 Auto vars:     Size  Location     Type
  baudrate_bit    1    6[COMRAM] unsigned char 
 Return value:  Size  Location     Type
		None               void
 Registers used:
		wreg, status,2
 Tracked objects:
		On entry : 
		On exit  : 
		Unchanged: 
 Data sizes:     COMRAM   BANK0
      Params:         2       0
      Locals:         5       0
      Temps:          0       0
      Totals:         7       0
Total ram usage:        7 bytes
 Hardware stack levels used:    1
 This function calls:
		Nothing
 This function is called by:
		_eserial_setup
 This function uses a non-reentrant model


 *************** function _eserial_send_data *****************
 Defined at:
		line 35 in file "extended_serial.c"
 Parameters:    Size  Location     Type
  buffer          2    6[COMRAM] PTR struct circular_buff
		 -> main@pic_to_pic(34), 
 Auto vars:     Size  Location     Type
  value           2    9[COMRAM] int 
  i               1    8[COMRAM] char 
 Return value:  Size  Location     Type
                  1    wreg      char 
 Registers used:
		wreg, fsr2l, fsr2h, status,2, status,0, prodl, prodh, cstack
 Tracked objects:
		On entry : 
		On exit  : 
		Unchanged: 
 Data sizes:     COMRAM   BANK0
      Params:         2       0
      Locals:         3       0
      Temps:          0       0
      Totals:         5       0
Total ram usage:        5 bytes
 Hardware stack levels used:    1
 Hardware stack levels required when called:    1
 This function calls:
		_buffer_pop
		_serial_send_byte
 This function is called by:
		_main
 This function uses a non-reentrant model


 *************** function _serial_send_byte *****************
 Defined at:
		line 66 in file "C:/Users/Manuel/Documents/PICLibrary/PICLibraries.X/serial_pic.c"
 Parameters:    Size  Location     Type
  byte            1    wreg     unsigned char 
 Auto vars:     Size  Location     Type
  byte            1    0[COMRAM] unsigned char 
 Return value:  Size  Location     Type
		None               void
 Registers used:
		wreg
 Tracked objects:
		On entry : 
		On exit  : 
		Unchanged: 
 Data sizes:     COMRAM   BANK0
      Params:         0       0
      Locals:         1       0
      Temps:          0       0
      Totals:         1       0
Total ram usage:        1 bytes
 Hardware stack levels used:    1
 This function calls:
		Nothing
 This function is called by:
		_main
		_eserial_send_data
		_serial_send_data
		_serial_send_buffer
 This function uses a non-reentrant model


 *************** function _buffer_pop *****************
 Defined at:
		line 37 in file "C:/Users/Manuel/Documents/PICLibrary/PICLibraries.X/circular_buffer.c"
 Parameters:    Size  Location     Type
  buffer          2    0[COMRAM] PTR struct circular_buff
		 -> main@pic_to_pc(34), main@pic_to_pic(34), 
 Auto vars:     Size  Location     Type
  byte            2    4[COMRAM] int 
 Return value:  Size  Location     Type
                  2    0[COMRAM] int 
 Registers used:
		wreg, fsr2l, fsr2h, status,2, status,0, prodl, prodh
 Tracked objects:
		On entry : 
		On exit  : 
		Unchanged: 
 Data sizes:     COMRAM   BANK0
      Params:         2       0
      Locals:         2       0
      Temps:          2       0
      Totals:         6       0
Total ram usage:        6 bytes
 Hardware stack levels used:    1
 This function calls:
		Nothing
 This function is called by:
		_eserial_send_data
		_espi_slave_send
		_espi_master_send
 This function uses a non-reentrant model


 *************** function _buffer_empty *****************
 Defined at:
		line 14 in file "C:/Users/Manuel/Documents/PICLibrary/PICLibraries.X/circular_buffer.c"
 Parameters:    Size  Location     Type
  buffer          2    0[COMRAM] PTR const struct circula
		 -> main@pic_to_pc(34), 
 Auto vars:     Size  Location     Type
		None
 Return value:  Size  Location     Type
                  1    wreg      unsigned char 
 Registers used:
		wreg, fsr2l, fsr2h, status,2, status,0
 Tracked objects:
		On entry : 
		On exit  : 
		Unchanged: 
 Data sizes:     COMRAM   BANK0
      Params:         2       0
      Locals:         0       0
      Temps:          0       0
      Totals:         2       0
Total ram usage:        2 bytes
 Hardware stack levels used:    1
 This function calls:
		Nothing
 This function is called by:
		_main
		_espi_master_receive
 This function uses a non-reentrant model



MODULE INFORMATION

Module		Function		Class		Link	Load	Size
C:/Users/Manuel/Documents/PICLibrary/PICLibraries.X/timers_pic.c
		_setup_timer3  		CODE           	1A3A	0000	9

C:/Users/Manuel/Documents/PICLibrary/PICLibraries.X/timers_pic.c estimated size: 9

C:/Users/Manuel/Documents/PICLibrary/PICLibraries.X/encoding.c
		_decode_data   		CODE           	1B8A	0000	61
		_encode_data   		CODE           	1C8E	0000	71

C:/Users/Manuel/Documents/PICLibrary/PICLibraries.X/encoding.c estimated size: 132

C:/Users/Manuel/Documents/PICLibrary/PICLibraries.X/serial_pic.c
		_setup_simple_s		CODE           	1C48	0000	71
		_serial_send_by		CODE           	1A42	0000	15

C:/Users/Manuel/Documents/PICLibrary/PICLibraries.X/serial_pic.c estimated size: 86

C:/Users/Manuel/Documents/PICLibrary/PICLibraries.X/spi_pic.c
		_setup_spi     		CODE           	1BC6	0000	63
		_spi_slave_get_		CODE           	1AC4	0000	31
		_spi_slave_peek		CODE           	1B50	0000	59
		_spi_send_get_b		CODE           	1A62	0000	21

C:/Users/Manuel/Documents/PICLibrary/PICLibraries.X/spi_pic.c estimated size: 174

C:/Users/Manuel/Documents/PICLibrary/PICLibraries.X/circular_buffer.c
		_buffer_pop    		CODE           	1D22	0000	123
		_buffer_push   		CODE           	1CD4	0000	79
		_buffer_space  		CODE           	1A76	0000	23
		_buffer_count  		CODE           	1A50	0000	19
		_buffer_empty  		CODE           	1A8C	0000	29

C:/Users/Manuel/Documents/PICLibrary/PICLibraries.X/circular_buffer.c estimated size: 273

shared
		__initializatio		CODE           	1AE2	0000	45

shared estimated size: 45

extended_serial.c
		_eserial_setup 		CODE           	1AA8	0000	29
		_eserial_send_d		CODE           	1C04	0000	69

extended_serial.c estimated size: 98

extended_spi.c
		_espi_slave_rec		CODE           	1D9C	0000	133
		_espi_slave_sen		CODE           	1E20	0000	207
		_espi_setup    		CODE           	1B18	0000	57

extended_spi.c estimated size: 397

main.c
		_main          		CODE           	1EEE	0000	275

main.c estimated size: 275

