Microchip MPLAB XC8 Compiler V1.34 ()

Linker command line:

-W9 --edf=C:\Program Files (x86)\Microchip\xc8\v1.34\dat\en_msgs.txt -cs \
  -h+dist/default/production\TorqueGriperSecondPIC.X.production.sym \
  --cmf=dist/default/production\TorqueGriperSecondPIC.X.production.cmf -z \
  -Q18F13K22 -oC:\Users\Manuel\AppData\Local\Temp\s614.6 \
  -Mdist/default/production/TorqueGriperSecondPIC.X.production.map -E1 \
  -ver=XC8 -ASTACK=060h-0ffh -pstack=STACK -ACODE=00h-01FFFh \
  -ACONST=00h-01FFFh -ASMALLCONST=0100h-01FFhx31 -AMEDIUMCONST=0100h-01FFFh \
  -ACOMRAM=01h-05Fh -AABS1=00h-0FFh -ABIGRAM=01h-0FFh -ARAM=060h-0FFh \
  -ABANK0=060h-0FFh -ASFR=0F60h-0FFFh \
  -preset_vec=00h,intcode,intcodelo,powerup,init,end_init -pramtop=0100h \
  -psmallconst=SMALLCONST -pmediumconst=MEDIUMCONST -pconst=CONST \
  -AFARRAM=00h-00h -ACONFIG=0300000h-030000Dh -pconfig=CONFIG \
  -AIDLOC=0200000h-0200007h -pidloc=IDLOC -AEEDATA=0F00000h-0F000FFh \
  -peeprom_data=EEDATA \
  -prdata=COMRAM,nvrram=COMRAM,nvbit=COMRAM,rbss=COMRAM,rbit=COMRAM \
  -pfarbss=FARRAM,fardata=FARRAM,nvFARRAM=FARRAM \
  -pintsave_regs=BIGRAM,bigbss=BIGRAM,bigdata=BIGRAM -pbss=RAM \
  -pidata=CODE,irdata=CODE,ibigdata=CODE,ifardata=CODE -prparam=COMRAM \
  C:\Users\Manuel\AppData\Local\Temp\s614.obj \
  dist/default/production\TorqueGriperSecondPIC.X.production.obj 

Object code version is 3.11

Machine type is 18F13K22

Call graph: (short form)




                Name                               Link     Load   Length Selector   Space Scale
C:\Users\Manuel\AppData\Local\Temp\s614.obj
                end_init                              0        0        4        0       0
                idloc                            200000   200000        8   200000       0
                config                           300000   300000        E   300000       0
dist/default/production\TorqueGriperSecondPIC.X.production.obj
                text18                             1B96     1B96       1C      DCB       0
                text17                             1D60     1D60       66      EB0       0
                text16                             1B6A     1B6A       16      DB5       0
                text15                             1BEA     1BEA       3C      DF5       0
                text14                             1B20     1B20        A      D90       0
                text13                             1B2A     1B2A        C      D95       0
                text12                             1B56     1B56       14      DAB       0
                text11                             1B36     1B36        E      D9B       0
                text10                             1DC6     1DC6       70      EE3       0
                text9                              1EA6     1EA6       A6      F53       0
                text8                              1B44     1B44       12      DA2       0
                text7                              1CAA     1CAA       52      E55       0
                text6                              1E36     1E36       70      F1B       0
                text5                              1C64     1C64       46      E32       0
                text4                              1F4C     1F4C       B4      FA6       0
                text3                              1C26     1C26       3E      E13       0
                text2                              1BB2     1BB2       38      DD9       0
                text1                              1B18     1B18        8      D8C       0
                cstackCOMRAM                          1        1       35        1       1
                bssCOMRAM                            36       36       23        1       1
                cinit                              1B80     1B80       16      DC0       0
                text0                              1CFC     1CFC       64      E7E       0

TOTAL           Name                               Link     Load   Length     Space
        CLASS   STACK          

        CLASS   CODE           
                end_init                              0        0        4         0
                text18                             1B96     1B96       1C         0
                text17                             1D60     1D60       66         0
                text16                             1B6A     1B6A       16         0
                text15                             1BEA     1BEA       3C         0
                text14                             1B20     1B20        A         0
                text13                             1B2A     1B2A        C         0
                text12                             1B56     1B56       14         0
                text11                             1B36     1B36        E         0
                text10                             1DC6     1DC6       70         0
                text9                              1EA6     1EA6       A6         0
                text8                              1B44     1B44       12         0
                text7                              1CAA     1CAA       52         0
                text6                              1E36     1E36       70         0
                text5                              1C64     1C64       46         0
                text4                              1F4C     1F4C       B4         0
                text3                              1C26     1C26       3E         0
                text2                              1BB2     1BB2       38         0
                text1                              1B18     1B18        8         0
                cinit                              1B80     1B80       16         0
                text0                              1CFC     1CFC       64         0

        CLASS   CONST          

        CLASS   SMALLCONST     

        CLASS   MEDIUMCONST    

        CLASS   COMRAM         
                cstackCOMRAM                          1        1       35         1
                bssCOMRAM                            36       36       23         1

        CLASS   ABS1           

        CLASS   BIGRAM         

        CLASS   RAM            

        CLASS   BANK0          

        CLASS   SFR            

        CLASS   FARRAM         

        CLASS   CONFIG         
                config                           300000   300000        E         0

        CLASS   IDLOC          
                idloc                            200000   200000        8         0

        CLASS   EEDATA         



SEGMENTS        Name                           Load    Length   Top    Selector   Space  Class

                reset_vec                      000000  000004  000004         0       0  CODE    
                cstackCOMRAM                   000001  000058  000059         1       1  COMRAM  
                text1                          001B18  000008  001B20       D8C       0  CODE    
                text14                         001B20  00000A  001B2A       D90       0  CODE    
                text13                         001B2A  00000C  001B36       D95       0  CODE    
                text11                         001B36  00000E  001B44       D9B       0  CODE    
                text8                          001B44  000012  001B56       DA2       0  CODE    
                text12                         001B56  000014  001B6A       DAB       0  CODE    
                text16                         001B6A  000016  001B80       DB5       0  CODE    
                cinit                          001B80  000016  001B96       DC0       0  CODE    
                text18                         001B96  00001C  001BB2       DCB       0  CODE    
                text2                          001BB2  000038  001BEA       DD9       0  CODE    
                text15                         001BEA  00003C  001C26       DF5       0  CODE    
                text3                          001C26  00003E  001C64       E13       0  CODE    
                text5                          001C64  000046  001CAA       E32       0  CODE    
                text7                          001CAA  000052  001CFC       E55       0  CODE    
                text0                          001CFC  000064  001D60       E7E       0  CODE    
                text17                         001D60  000066  001DC6       EB0       0  CODE    
                text10                         001DC6  000070  001E36       EE3       0  CODE    
                text6                          001E36  000070  001EA6       F1B       0  CODE    
                text9                          001EA6  0000A6  001F4C       F53       0  CODE    
                text4                          001F4C  0000B4  002000       FA6       0  CODE    
                idloc                          200000  000008  200008    200000       0  IDLOC   
                config                         300000  00000E  30000E    300000       0  CONFIG  


UNUSED ADDRESS RANGES

        Name                Unused          Largest block    Delta
        BANK0            000060-0000FF               A0
        BIGRAM           000059-0000FF               A7
        CODE             000004-001B17             1B14
        COMRAM           000059-00005F                7
        CONST            000004-001B17             1B14
        EEDATA           F00000-F000FF              100
        MEDIUMCONST      000100-001B17             1A18
        RAM              000060-0000FF               A0
        SFR              000F60-000FFF               A0
        SMALLCONST       000100-001B17              100
        STACK            000060-0000FF               A0

                                  Symbol Table

?_buffer_peek                   cstackCOMRAM 000001
_ANSELHbits                     (abs)        000F7F
_ANSELbits                      (abs)        000F7E
_INT2IF                         (abs)        007F81
_INTCON                         (abs)        000FF2
_INTCON2bits                    (abs)        000FF1
_INTCON3bits                    (abs)        000FF0
_LATAbits                       (abs)        000F89
_LATCbits                       (abs)        000F8B
_OSCCONbits                     (abs)        000FD3
_PIE2bits                       (abs)        000FA0
_PIR2bits                       (abs)        000FA1
_PORTCbits                      (abs)        000F82
_SSPBUF                         (abs)        000FC9
_SSPCON1                        (abs)        000FC6
_SSPCON1bits                    (abs)        000FC6
_SSPSTAT                        (abs)        000FC7
_SSPSTATbits                    (abs)        000FC7
_T3CON                          (abs)        000FB1
_TMR3                           (abs)        000FB2
_TRISAbits                      (abs)        000F92
_TRISBbits                      (abs)        000F93
_TRISCbits                      (abs)        000F94
__CFG_FOSC$IRC                  (abs)        000000
__CFG_LVP$OFF                   (abs)        000000
__HRAM                          (abs)        000000
__Habs1                         abs1         000000
__Hbank0                        bank0        000000
__Hbigbss                       bigbss       000000
__Hbigdata                      bigdata      000000
__Hbigram                       bigram       000000
__Hbss                          bss          000000
__HbssCOMRAM                    bssCOMRAM    000000
__Hcinit                        cinit        000000
__Hclrtext                      clrtext      000000
__Hcomram                       comram       000000
__Hconfig                       config       30000E
__Hconst                        const        000000
__HcstackCOMRAM                 cstackCOMRAM 000000
__Hdata                         data         000000
__Heeprom_data                  eeprom_data  000000
__Hend_init                     end_init     000004
__Hfarbss                       farbss       000000
__Hfardata                      fardata      000000
__Hibigdata                     ibigdata     000000
__Hidata                        idata        000000
__Hidloc                        idloc        200008
__Hifardata                     ifardata     000000
__Hinit                         init         000000
__Hintcode                      intcode      000000
__Hintcode_body                 intcode_body 000000
__Hintcodelo                    intcodelo    000000
__Hintentry                     intentry     000000
__Hintret                       intret       000000
__Hintsave_regs                 intsave_regs 000000
__Hirdata                       irdata       000000
__Hmediumconst                  mediumconst  000000
__HnvFARRAM                     nvFARRAM     000000
__Hnvbit                        nvbit        000000
__Hnvrram                       nvrram       000000
__Hparam                        rparam       000000
__Hpowerup                      powerup      000000
__Hram                          ram          000000
__Hramtop                       ramtop       000100
__Hrbit                         rbit         000000
__Hrbss                         rbss         000000
__Hrdata                        rdata        000000
__Hreset_vec                    reset_vec    000000
__Hrparam                       rparam       000000
__Hsfr                          sfr          000000
__Hsmallconst                   smallconst   000000
__Hspace_0                      (abs)        30000E
__Hspace_1                      (abs)        000059
__Hspace_2                      (abs)        000000
__Hstack                        stack        000000
__Hstruct                       struct       000000
__Htemp                         temp         000000
__Htext                         text         000000
__Htext0                        text0        000000
__Htext1                        text1        000000
__Htext10                       text10       000000
__Htext11                       text11       000000
__Htext12                       text12       000000
__Htext13                       text13       000000
__Htext14                       text14       000000
__Htext15                       text15       000000
__Htext16                       text16       000000
__Htext17                       text17       000000
__Htext18                       text18       000000
__Htext19                       text19       000000
__Htext2                        text2        000000
__Htext3                        text3        000000
__Htext4                        text4        000000
__Htext5                        text5        000000
__Htext6                        text6        000000
__Htext7                        text7        000000
__Htext8                        text8        000000
__Htext9                        text9        000000
__LRAM                          (abs)        000001
__Labs1                         abs1         000000
__Lbank0                        bank0        000000
__Lbigbss                       bigbss       000000
__Lbigdata                      bigdata      000000
__Lbigram                       bigram       000000
__Lbss                          bss          000000
__LbssCOMRAM                    bssCOMRAM    000000
__Lcinit                        cinit        000000
__Lclrtext                      clrtext      000000
__Lcomram                       comram       000000
__Lconfig                       config       300000
__Lconst                        const        000000
__LcstackCOMRAM                 cstackCOMRAM 000000
__Ldata                         data         000000
__Leeprom_data                  eeprom_data  000000
__Lend_init                     end_init     000000
__Lfarbss                       farbss       000000
__Lfardata                      fardata      000000
__Libigdata                     ibigdata     000000
__Lidata                        idata        000000
__Lidloc                        idloc        200000
__Lifardata                     ifardata     000000
__Linit                         init         000000
__Lintcode                      intcode      000000
__Lintcode_body                 intcode_body 000000
__Lintcodelo                    intcodelo    000000
__Lintentry                     intentry     000000
__Lintret                       intret       000000
__Lintsave_regs                 intsave_regs 000000
__Lirdata                       irdata       000000
__Lmediumconst                  mediumconst  000000
__LnvFARRAM                     nvFARRAM     000000
__Lnvbit                        nvbit        000000
__Lnvrram                       nvrram       000000
__Lparam                        rparam       000000
__Lpowerup                      powerup      000000
__Lram                          ram          000000
__Lramtop                       ramtop       000100
__Lrbit                         rbit         000000
__Lrbss                         rbss         000000
__Lrdata                        rdata        000000
__Lreset_vec                    reset_vec    000000
__Lrparam                       rparam       000000
__Lsfr                          sfr          000000
__Lsmallconst                   smallconst   000000
__Lspace_0                      (abs)        000000
__Lspace_1                      (abs)        000000
__Lspace_2                      (abs)        000000
__Lstack                        stack        000000
__Lstruct                       struct       000000
__Ltemp                         temp         000000
__Ltext                         text         000000
__Ltext0                        text0        000000
__Ltext1                        text1        000000
__Ltext10                       text10       000000
__Ltext11                       text11       000000
__Ltext12                       text12       000000
__Ltext13                       text13       000000
__Ltext14                       text14       000000
__Ltext15                       text15       000000
__Ltext16                       text16       000000
__Ltext17                       text17       000000
__Ltext18                       text18       000000
__Ltext19                       text19       000000
__Ltext2                        text2        000000
__Ltext3                        text3        000000
__Ltext4                        text4        000000
__Ltext5                        text5        000000
__Ltext6                        text6        000000
__Ltext7                        text7        000000
__Ltext8                        text8        000000
__Ltext9                        text9        000000
__S0                            (abs)        30000E
__S1                            (abs)        000059
__S2                            (abs)        000000
___inthi_sp                     stack        000000
___intlo_sp                     stack        000000
___param_bank                   (abs)        000010
___rparam_used                  (abs)        000001
___sp                           stack        000000
__accesstop                     (abs)        000060
__activetblptr                  (abs)        000002
__end_of__initialization        cinit        001B8C
__end_of_buffer_count           text8        001B56
__end_of_buffer_empty           text18       001BB2
__end_of_buffer_peek            text7        001CFC
__end_of_buffer_pop             text6        001EA6
__end_of_buffer_push            text17       001DC6
__end_of_buffer_space           text16       001B80
__end_of_decode_data            text15       001C26
__end_of_encode_data            text5        001CAA
__end_of_espi_master_receive    text9        001F4C
__end_of_espi_master_send       text4        002000
__end_of_espi_setup             text2        001BEA
__end_of_main                   text0        001D60
__end_of_send_delay             text14       001B2A
__end_of_set_timer3             text13       001B36
__end_of_setup_spi              text3        001C64
__end_of_setup_timer3           text1        001B20
__end_of_spi_send_get_byte      text12       001B6A
__end_of_timer3_up              text11       001B44
__end_of_wait_pulse             text10       001E36
__initialization                cinit        001B80
__mediumconst                   mediumconst  000000
__pbssCOMRAM                    bssCOMRAM    000036
__pcinit                        cinit        001B80
__pcstackCOMRAM                 cstackCOMRAM 000001
__ptext0                        text0        001CFC
__ptext1                        text1        001B18
__ptext10                       text10       001DC6
__ptext11                       text11       001B36
__ptext12                       text12       001B56
__ptext13                       text13       001B2A
__ptext14                       text14       001B20
__ptext15                       text15       001BEA
__ptext16                       text16       001B6A
__ptext17                       text17       001D60
__ptext18                       text18       001B96
__ptext19                       text19       000000
__ptext2                        text2        001BB2
__ptext3                        text3        001C26
__ptext4                        text4        001F4C
__ptext5                        text5        001C64
__ptext6                        text6        001E36
__ptext7                        text7        001CAA
__ptext8                        text8        001B44
__ptext9                        text9        001EA6
__ramtop                        ramtop       000100
__size_of_buffer_count          (abs)        000000
__size_of_buffer_empty          (abs)        000000
__size_of_buffer_peek           (abs)        000000
__size_of_buffer_pop            (abs)        000000
__size_of_buffer_push           (abs)        000000
__size_of_buffer_space          (abs)        000000
__size_of_decode_data           (abs)        000000
__size_of_encode_data           (abs)        000000
__size_of_espi_master_receive   (abs)        000000
__size_of_espi_master_send      (abs)        000000
__size_of_espi_setup            (abs)        000000
__size_of_main                  (abs)        000000
__size_of_send_delay            (abs)        000000
__size_of_set_timer3            (abs)        000000
__size_of_setup_spi             (abs)        000000
__size_of_setup_timer3          (abs)        000000
__size_of_spi_send_get_byte     (abs)        000000
__size_of_timer3_up             (abs)        000000
__size_of_wait_pulse            (abs)        000000
__smallconst                    smallconst   000000
_buffer_count                   text8        001B44
_buffer_empty                   text18       001B96
_buffer_peek                    text7        001CAA
_buffer_pop                     text6        001E36
_buffer_push                    text17       001D60
_buffer_space                   text16       001B6A
_decode_data                    text15       001BEA
_dummy_byte                     bssCOMRAM    000058
_encode_data                    text5        001C64
_espi_master_receive            text9        001EA6
_espi_master_send               text4        001F4C
_espi_setup                     text2        001BB2
_main                           text0        001CFC
_send_delay                     text14       001B20
_set_timer3                     text13       001B2A
_setup_spi                      text3        001C26
_setup_timer3                   text1        001B18
_spi_send_get_byte              text12       001B56
_timer3_up                      text11       001B36
_wait_pulse                     text10       001DC6
buffer_count@buffer             cstackCOMRAM 000001
buffer_empty@buffer             cstackCOMRAM 000001
buffer_peek@buffer              cstackCOMRAM 000001
buffer_peek@byte                cstackCOMRAM 000005
buffer_pop@buffer               cstackCOMRAM 000001
buffer_pop@byte                 cstackCOMRAM 000005
buffer_push@buffer              cstackCOMRAM 000001
buffer_push@byte                cstackCOMRAM 000003
buffer_push@current_position    cstackCOMRAM 000005
buffer_space@buffer             cstackCOMRAM 000001
decode_data@byte_1              cstackCOMRAM 000003
decode_data@byte_2              cstackCOMRAM 000004
decode_data@data                cstackCOMRAM 000001
encode_data@byte_1              cstackCOMRAM 000001
encode_data@byte_2              cstackCOMRAM 000003
encode_data@data                cstackCOMRAM 000006
end_of_initialization           cinit        001B8C
espi_master_receive@buffer      cstackCOMRAM 000008
espi_master_receive@received_1  cstackCOMRAM 00000E
espi_master_receive@received_2  cstackCOMRAM 00000F
espi_master_receive@timer       cstackCOMRAM 00000C
espi_master_receive@timer_start cstackCOMRAM 00000A
espi_master_receive@value       cstackCOMRAM 000010
espi_master_send@buffer         cstackCOMRAM 000008
espi_master_send@byte_1         cstackCOMRAM 000012
espi_master_send@byte_2         cstackCOMRAM 000013
espi_master_send@byte_to_send   cstackCOMRAM 000010
espi_master_send@received_1     cstackCOMRAM 00000E
espi_master_send@received_2     cstackCOMRAM 00000F
espi_master_send@timer          cstackCOMRAM 00000C
espi_master_send@timer_start    cstackCOMRAM 00000A
espi_setup@mode                 cstackCOMRAM 000003
intlevel0                       text         000000
intlevel1                       text         000000
intlevel2                       text         000000
intlevel3                       text         000000
main@F3971                      bssCOMRAM    000036
main@buffer                     cstackCOMRAM 000014
set_timer3@value                cstackCOMRAM 000001
setup_spi@SSPCON1_reg           cstackCOMRAM 000001
setup_spi@SSPSTAT_reg           cstackCOMRAM 000002
setup_timer3@T3CON_reg          cstackCOMRAM 000001
spi_send_get_byte@byte          cstackCOMRAM 000001
stackhi                         (abs)        0000FF
stacklo                         (abs)        000060
start                           init         000000
start_initialization            cinit        001B80
wait_pulse@timer                cstackCOMRAM 000005
wait_pulse@timer_start          cstackCOMRAM 000003
wait_pulse@value                cstackCOMRAM 000007


FUNCTION INFORMATION:

 *************** function _main *****************
 Defined at:
		line 11 in file "main.c"
 Parameters:    Size  Location     Type
		None
 Auto vars:     Size  Location     Type
  buffer         34   19[COMRAM] struct circular_buffer
 Return value:  Size  Location     Type
                  2   16[None  ] int 
 Registers used:
		wreg, fsr1l, fsr1h, fsr2l, fsr2h, status,2, status,0, pclat, tosl, prodl, prodh, cstack
 Tracked objects:
		On entry : 
		On exit  : 
		Unchanged: 
 Data sizes:     COMRAM   BANK0
      Params:         0       0
      Locals:        34       0
      Temps:          0       0
      Totals:        34       0
Total ram usage:       34 bytes
 Hardware stack levels required when called:    3
 This function calls:
		_espi_master_receive
		_espi_master_send
		_espi_setup
		_setup_timer3
 This function is called by:
		Startup code after reset
 This function uses a non-reentrant model


 *************** function _setup_timer3 *****************
 Defined at:
		line 3 in file "C:/Users/Manuel/Documents/PICLibrary/PICLibraries.X/timers_pic.c"
 Parameters:    Size  Location     Type
  T3CON_reg       1    wreg     unsigned char 
 Auto vars:     Size  Location     Type
  T3CON_reg       1    0[COMRAM] unsigned char 
 Return value:  Size  Location     Type
		None               void
 Registers used:
		wreg
 Tracked objects:
		On entry : 
		On exit  : 
		Unchanged: 
 Data sizes:     COMRAM   BANK0
      Params:         0       0
      Locals:         1       0
      Temps:          0       0
      Totals:         1       0
Total ram usage:        1 bytes
 Hardware stack levels used:    1
 This function calls:
		Nothing
 This function is called by:
		_main
 This function uses a non-reentrant model


 *************** function _espi_setup *****************
 Defined at:
		line 24 in file "../TorqueGriper.X/extended_spi.c"
 Parameters:    Size  Location     Type
  mode            1    wreg     unsigned char 
 Auto vars:     Size  Location     Type
  mode            1    2[COMRAM] unsigned char 
 Return value:  Size  Location     Type
		None               void
 Registers used:
		wreg, status,2, status,0, cstack
 Tracked objects:
		On entry : 
		On exit  : 
		Unchanged: 
 Data sizes:     COMRAM   BANK0
      Params:         0       0
      Locals:         1       0
      Temps:          0       0
      Totals:         1       0
Total ram usage:        1 bytes
 Hardware stack levels used:    1
 Hardware stack levels required when called:    1
 This function calls:
		_setup_spi
 This function is called by:
		_main
 This function uses a non-reentrant model


 *************** function _setup_spi *****************
 Defined at:
		line 12 in file "C:/Users/Manuel/Documents/PICLibrary/PICLibraries.X/spi_pic.c"
 Parameters:    Size  Location     Type
  SSPSTAT_reg     1    wreg     unsigned char 
  SSPCON1_reg     1    0[COMRAM] unsigned char 
 Auto vars:     Size  Location     Type
  SSPSTAT_reg     1    1[COMRAM] unsigned char 
 Return value:  Size  Location     Type
		None               void
 Registers used:
		wreg, status,2, status,0
 Tracked objects:
		On entry : 
		On exit  : 
		Unchanged: 
 Data sizes:     COMRAM   BANK0
      Params:         1       0
      Locals:         1       0
      Temps:          0       0
      Totals:         2       0
Total ram usage:        2 bytes
 Hardware stack levels used:    1
 This function calls:
		Nothing
 This function is called by:
		_espi_setup
 This function uses a non-reentrant model


 *************** function _espi_master_send *****************
 Defined at:
		line 135 in file "../TorqueGriper.X/extended_spi.c"
 Parameters:    Size  Location     Type
  buffer          2    7[COMRAM] PTR struct circular_buff
		 -> main@buffer(34), 
  timer_start     2    9[COMRAM] PTR FTN(int ,)void 
		 -> set_timer3(0), 
  timer           2   11[COMRAM] PTR FTN()unsigned char 
		 -> timer3_up(1), 
 Auto vars:     Size  Location     Type
  byte_to_send    2   15[COMRAM] unsigned int 
  byte_2          1   18[COMRAM] unsigned char 
  byte_1          1   17[COMRAM] unsigned char 
  received_2      1   14[COMRAM] unsigned char 
  received_1      1   13[COMRAM] unsigned char 
 Return value:  Size  Location     Type
		None               void
 Registers used:
		wreg, fsr2l, fsr2h, status,2, status,0, pclat, tosl, prodl, prodh, cstack
 Tracked objects:
		On entry : 
		On exit  : 
		Unchanged: 
 Data sizes:     COMRAM   BANK0
      Params:         6       0
      Locals:         6       0
      Temps:          0       0
      Totals:        12       0
Total ram usage:       12 bytes
 Hardware stack levels used:    1
 Hardware stack levels required when called:    2
 This function calls:
		_buffer_count
		_buffer_peek
		_buffer_pop
		_encode_data
		_send_delay
		_spi_send_get_byte
		_wait_pulse
 This function is called by:
		_main
 This function uses a non-reentrant model


 *************** function _encode_data *****************
 Defined at:
		line 3 in file "C:/Users/Manuel/Documents/PICLibrary/PICLibraries.X/encoding.c"
 Parameters:    Size  Location     Type
  data            1    wreg     unsigned char 
  byte_1          2    0[COMRAM] PTR unsigned char 
		 -> espi_master_send@byte_1(1), espi_slave_send@byte_1(1), 
  byte_2          2    2[COMRAM] PTR unsigned char 
		 -> espi_master_send@byte_2(1), espi_slave_send@byte_2(1), 
 Auto vars:     Size  Location     Type
  data            1    5[COMRAM] unsigned char 
 Return value:  Size  Location     Type
		None               void
 Registers used:
		wreg, fsr2l, fsr2h, status,2, status,0
 Tracked objects:
		On entry : 
		On exit  : 
		Unchanged: 
 Data sizes:     COMRAM   BANK0
      Params:         4       0
      Locals:         1       0
      Temps:          1       0
      Totals:         6       0
Total ram usage:        6 bytes
 Hardware stack levels used:    1
 This function calls:
		Nothing
 This function is called by:
		_espi_master_send
		_espi_slave_send
 This function uses a non-reentrant model


 *************** function _buffer_pop *****************
 Defined at:
		line 37 in file "C:/Users/Manuel/Documents/PICLibrary/PICLibraries.X/circular_buffer.c"
 Parameters:    Size  Location     Type
  buffer          2    0[COMRAM] PTR struct circular_buff
		 -> main@buffer(34), 
 Auto vars:     Size  Location     Type
  byte            2    4[COMRAM] int 
 Return value:  Size  Location     Type
                  2    0[COMRAM] int 
 Registers used:
		wreg, fsr2l, fsr2h, status,2, status,0, prodl, prodh
 Tracked objects:
		On entry : 
		On exit  : 
		Unchanged: 
 Data sizes:     COMRAM   BANK0
      Params:         2       0
      Locals:         2       0
      Temps:          2       0
      Totals:         6       0
Total ram usage:        6 bytes
 Hardware stack levels used:    1
 This function calls:
		Nothing
 This function is called by:
		_espi_master_send
		_espi_slave_send
 This function uses a non-reentrant model


 *************** function _buffer_peek *****************
 Defined at:
		line 55 in file "C:/Users/Manuel/Documents/PICLibrary/PICLibraries.X/circular_buffer.c"
 Parameters:    Size  Location     Type
  buffer          2    0[COMRAM] PTR const struct circula
		 -> main@buffer(34), 
 Auto vars:     Size  Location     Type
  byte            2    4[COMRAM] int 
 Return value:  Size  Location     Type
                  2    0[COMRAM] unsigned int 
 Registers used:
		wreg, fsr2l, fsr2h, status,2, status,0, prodl, prodh
 Tracked objects:
		On entry : 
		On exit  : 
		Unchanged: 
 Data sizes:     COMRAM   BANK0
      Params:         2       0
      Locals:         2       0
      Temps:          2       0
      Totals:         6       0
Total ram usage:        6 bytes
 Hardware stack levels used:    1
 This function calls:
		Nothing
 This function is called by:
		_espi_master_send
		_espi_slave_send
 This function uses a non-reentrant model


 *************** function _buffer_count *****************
 Defined at:
		line 4 in file "C:/Users/Manuel/Documents/PICLibrary/PICLibraries.X/circular_buffer.c"
 Parameters:    Size  Location     Type
  buffer          2    0[COMRAM] PTR const struct circula
		 -> main@buffer(34), 
 Auto vars:     Size  Location     Type
		None
 Return value:  Size  Location     Type
                  1    wreg      unsigned char 
 Registers used:
		wreg, fsr2l, fsr2h, status,2, status,0
 Tracked objects:
		On entry : 
		On exit  : 
		Unchanged: 
 Data sizes:     COMRAM   BANK0
      Params:         2       0
      Locals:         0       0
      Temps:          0       0
      Totals:         2       0
Total ram usage:        2 bytes
 Hardware stack levels used:    1
 This function calls:
		Nothing
 This function is called by:
		_espi_master_send
		_espi_slave_send
 This function uses a non-reentrant model


 *************** function _espi_master_receive *****************
 Defined at:
		line 174 in file "../TorqueGriper.X/extended_spi.c"
 Parameters:    Size  Location     Type
  buffer          2    7[COMRAM] PTR struct circular_buff
		 -> main@buffer(34), 
  timer_start     2    9[COMRAM] PTR FTN(int ,)void 
		 -> set_timer3(0), 
  timer           2   11[COMRAM] PTR FTN()unsigned char 
		 -> timer3_up(1), 
 Auto vars:     Size  Location     Type
  value           1   15[COMRAM] unsigned char 
  received_2      1   14[COMRAM] unsigned char 
  received_1      1   13[COMRAM] unsigned char 
 Return value:  Size  Location     Type
		None               void
 Registers used:
		wreg, fsr2l, fsr2h, status,2, status,0, pclat, tosl, prodl, prodh, cstack
 Tracked objects:
		On entry : 
		On exit  : 
		Unchanged: 
 Data sizes:     COMRAM   BANK0
      Params:         6       0
      Locals:         3       0
      Temps:          0       0
      Totals:         9       0
Total ram usage:        9 bytes
 Hardware stack levels used:    1
 Hardware stack levels required when called:    2
 This function calls:
		_buffer_empty
		_buffer_push
		_buffer_space
		_decode_data
		_send_delay
		_spi_send_get_byte
		_wait_pulse
 This function is called by:
		_main
 This function uses a non-reentrant model


 *************** function _wait_pulse *****************
 Defined at:
		line 122 in file "../TorqueGriper.X/extended_spi.c"
 Parameters:    Size  Location     Type
  value           1    wreg     unsigned char 
  timer_start     2    2[COMRAM] PTR FTN(int ,)void 
		 -> set_timer3(0), 
  timer           2    4[COMRAM] PTR FTN()unsigned char 
		 -> timer3_up(1), 
 Auto vars:     Size  Location     Type
  value           1    6[COMRAM] unsigned char 
 Return value:  Size  Location     Type
		None               void
 Registers used:
		wreg, status,2, pclat, tosl, cstack
 Tracked objects:
		On entry : 
		On exit  : 
		Unchanged: 
 Data sizes:     COMRAM   BANK0
      Params:         4       0
      Locals:         1       0
      Temps:          0       0
      Totals:         5       0
Total ram usage:        5 bytes
 Hardware stack levels used:    1
 Hardware stack levels required when called:    1
 This function calls:
		_set_timer3
		_spi_send_get_byte
		_timer3_up
 This function is called by:
		_espi_master_send
		_espi_master_receive
 This function uses a non-reentrant model


 *************** function _timer3_up *****************
 Defined at:
		line 22 in file "C:/Users/Manuel/Documents/PICLibrary/PICLibraries.X/timers_pic.c"
 Parameters:    Size  Location     Type
		None
 Auto vars:     Size  Location     Type
		None
 Return value:  Size  Location     Type
                  1    wreg      unsigned char 
 Registers used:
		wreg
 Tracked objects:
		On entry : 
		On exit  : 
		Unchanged: 
 Data sizes:     COMRAM   BANK0
      Params:         0       0
      Locals:         0       0
      Temps:          0       0
      Totals:         0       0
Total ram usage:        0 bytes
 Hardware stack levels used:    1
 This function calls:
		Nothing
 This function is called by:
		_main
		_wait_pulse
 This function uses a non-reentrant model


 *************** function _spi_send_get_byte *****************
 Defined at:
		line 33 in file "C:/Users/Manuel/Documents/PICLibrary/PICLibraries.X/spi_pic.c"
 Parameters:    Size  Location     Type
  byte            1    wreg     unsigned char 
 Auto vars:     Size  Location     Type
  byte            1    0[COMRAM] unsigned char 
 Return value:  Size  Location     Type
                  1    wreg      unsigned char 
 Registers used:
		wreg, status,2
 Tracked objects:
		On entry : 
		On exit  : 
		Unchanged: 
 Data sizes:     COMRAM   BANK0
      Params:         0       0
      Locals:         1       0
      Temps:          0       0
      Totals:         1       0
Total ram usage:        1 bytes
 Hardware stack levels used:    1
 This function calls:
		Nothing
 This function is called by:
		_wait_pulse
		_espi_master_send
		_espi_master_receive
		_espi_slave_receive
		_espi_slave_send
 This function uses a non-reentrant model


 *************** function _set_timer3 *****************
 Defined at:
		line 8 in file "C:/Users/Manuel/Documents/PICLibrary/PICLibraries.X/timers_pic.c"
 Parameters:    Size  Location     Type
  value           2    0[COMRAM] int 
 Auto vars:     Size  Location     Type
		None
 Return value:  Size  Location     Type
		None               void
 Registers used:
		None
 Tracked objects:
		On entry : 
		On exit  : 
		Unchanged: 
 Data sizes:     COMRAM   BANK0
      Params:         2       0
      Locals:         0       0
      Temps:          0       0
      Totals:         2       0
Total ram usage:        2 bytes
 Hardware stack levels used:    1
 This function calls:
		Nothing
 This function is called by:
		_main
		_wait_pulse
 This function uses a non-reentrant model


 *************** function _send_delay *****************
 Defined at:
		line 19 in file "../TorqueGriper.X/extended_spi.c"
 Parameters:    Size  Location     Type
		None
 Auto vars:     Size  Location     Type
		None
 Return value:  Size  Location     Type
		None               void
 Registers used:
		wreg
 Tracked objects:
		On entry : 
		On exit  : 
		Unchanged: 
 Data sizes:     COMRAM   BANK0
      Params:         0       0
      Locals:         0       0
      Temps:          0       0
      Totals:         0       0
Total ram usage:        0 bytes
 Hardware stack levels used:    1
 This function calls:
		Nothing
 This function is called by:
		_espi_master_send
		_espi_master_receive
 This function uses a non-reentrant model


 *************** function _decode_data *****************
 Defined at:
		line 12 in file "C:/Users/Manuel/Documents/PICLibrary/PICLibraries.X/encoding.c"
 Parameters:    Size  Location     Type
  data            2    0[COMRAM] PTR unsigned char 
		 -> espi_master_receive@value(1), espi_slave_receive@value(1), 
  byte_1          1    2[COMRAM] unsigned char 
  byte_2          1    3[COMRAM] unsigned char 
 Auto vars:     Size  Location     Type
		None
 Return value:  Size  Location     Type
                  1    wreg      char 
 Registers used:
		wreg, fsr2l, fsr2h, status,2, status,0
 Tracked objects:
		On entry : 
		On exit  : 
		Unchanged: 
 Data sizes:     COMRAM   BANK0
      Params:         4       0
      Locals:         0       0
      Temps:          1       0
      Totals:         5       0
Total ram usage:        5 bytes
 Hardware stack levels used:    1
 This function calls:
		Nothing
 This function is called by:
		_espi_master_receive
		_espi_slave_receive
 This function uses a non-reentrant model


 *************** function _buffer_space *****************
 Defined at:
		line 9 in file "C:/Users/Manuel/Documents/PICLibrary/PICLibraries.X/circular_buffer.c"
 Parameters:    Size  Location     Type
  buffer          2    0[COMRAM] PTR const struct circula
		 -> main@buffer(34), 
 Auto vars:     Size  Location     Type
		None
 Return value:  Size  Location     Type
                  1    wreg      unsigned char 
 Registers used:
		wreg, fsr2l, fsr2h, status,2, status,0
 Tracked objects:
		On entry : 
		On exit  : 
		Unchanged: 
 Data sizes:     COMRAM   BANK0
      Params:         2       0
      Locals:         0       0
      Temps:          0       0
      Totals:         2       0
Total ram usage:        2 bytes
 Hardware stack levels used:    1
 This function calls:
		Nothing
 This function is called by:
		_espi_master_receive
		_espi_slave_receive
 This function uses a non-reentrant model


 *************** function _buffer_push *****************
 Defined at:
		line 24 in file "C:/Users/Manuel/Documents/PICLibrary/PICLibraries.X/circular_buffer.c"
 Parameters:    Size  Location     Type
  buffer          2    0[COMRAM] PTR struct circular_buff
		 -> main@buffer(34), 
  byte            1    2[COMRAM] unsigned char 
 Auto vars:     Size  Location     Type
  current_posi    1    4[COMRAM] unsigned char 
 Return value:  Size  Location     Type
                  1    wreg      unsigned char 
 Registers used:
		wreg, fsr2l, fsr2h, status,2, status,0, prodl, prodh
 Tracked objects:
		On entry : 
		On exit  : 
		Unchanged: 
 Data sizes:     COMRAM   BANK0
      Params:         3       0
      Locals:         1       0
      Temps:          1       0
      Totals:         5       0
Total ram usage:        5 bytes
 Hardware stack levels used:    1
 This function calls:
		Nothing
 This function is called by:
		_espi_master_receive
		_espi_slave_receive
 This function uses a non-reentrant model


 *************** function _buffer_empty *****************
 Defined at:
		line 14 in file "C:/Users/Manuel/Documents/PICLibrary/PICLibraries.X/circular_buffer.c"
 Parameters:    Size  Location     Type
  buffer          2    0[COMRAM] PTR const struct circula
		 -> main@buffer(34), 
 Auto vars:     Size  Location     Type
		None
 Return value:  Size  Location     Type
                  1    wreg      unsigned char 
 Registers used:
		wreg, fsr2l, fsr2h, status,2, status,0
 Tracked objects:
		On entry : 
		On exit  : 
		Unchanged: 
 Data sizes:     COMRAM   BANK0
      Params:         2       0
      Locals:         0       0
      Temps:          0       0
      Totals:         2       0
Total ram usage:        2 bytes
 Hardware stack levels used:    1
 This function calls:
		Nothing
 This function is called by:
		_espi_master_receive
 This function uses a non-reentrant model



MODULE INFORMATION

Module		Function		Class		Link	Load	Size
C:/Users/Manuel/Documents/PICLibrary/PICLibraries.X/timers_pic.c
		_setup_timer3  		CODE           	1B18	0000	9
		_timer3_up     		CODE           	1B36	0000	15
		_set_timer3    		CODE           	1B2A	0000	13

C:/Users/Manuel/Documents/PICLibrary/PICLibraries.X/timers_pic.c estimated size: 37

C:/Users/Manuel/Documents/PICLibrary/PICLibraries.X/encoding.c
		_decode_data   		CODE           	1BEA	0000	61
		_encode_data   		CODE           	1C64	0000	71

C:/Users/Manuel/Documents/PICLibrary/PICLibraries.X/encoding.c estimated size: 132

C:/Users/Manuel/Documents/PICLibrary/PICLibraries.X/spi_pic.c
		_setup_spi     		CODE           	1C26	0000	63
		_spi_send_get_b		CODE           	1B56	0000	21

C:/Users/Manuel/Documents/PICLibrary/PICLibraries.X/spi_pic.c estimated size: 84

C:/Users/Manuel/Documents/PICLibrary/PICLibraries.X/circular_buffer.c
		_buffer_pop    		CODE           	1E36	0000	113
		_buffer_peek   		CODE           	1CAA	0000	83
		_buffer_push   		CODE           	1D60	0000	103
		_buffer_space  		CODE           	1B6A	0000	23
		_buffer_count  		CODE           	1B44	0000	19
		_buffer_empty  		CODE           	1B96	0000	29

C:/Users/Manuel/Documents/PICLibrary/PICLibraries.X/circular_buffer.c estimated size: 370

shared
		__initializatio		CODE           	1B80	0000	13

shared estimated size: 13

../TorqueGriper.X/extended_spi.c
		_send_delay    		CODE           	1B20	0000	11
		_espi_master_re		CODE           	1EA6	0000	167
		_espi_master_se		CODE           	1F4C	0000	181
		_wait_pulse    		CODE           	1DC6	0000	113
		_espi_setup    		CODE           	1BB2	0000	57

../TorqueGriper.X/extended_spi.c estimated size: 529

main.c
		_main          		CODE           	1CFC	0000	101

main.c estimated size: 101

